Component: ARM Compiler 5.06 update 6 (build 750) Tool: armlink [4d35ed]

==============================================================================

Section Cross References

    main.o(i.Auto_task) refers to xf.o(i.speek) for speek
    main.o(i.Auto_task) refers to function.o(i.delay) for delay
    main.o(i.Auto_task) refers to function.o(.bss) for All_flag
    main.o(i.Auto_task) refers to modbus_slave.o(.bss) for PLC_OutPut
    main.o(i.Auto_task) refers to function.o(.data) for dir
    main.o(i.Control_task) refers to function.o(i.MotoStop) for MotoStop
    main.o(i.Control_task) refers to function.o(i.delay) for delay
    main.o(i.Control_task) refers to modbus_slave.o(.bss) for PLC_Data
    main.o(i.Control_task) refers to function.o(.data) for ld_juli
    main.o(i.Control_task) refers to function.o(.bss) for All_flag
    main.o(i.Control_task) refers to can.o(.data) for Input
    main.o(i.DEMO1_task) refers to xf.o(i.speek) for speek
    main.o(i.DEMO1_task) refers to function.o(i.start) for start
    main.o(i.DEMO1_task) refers to function.o(i.delay) for delay
    main.o(i.DEMO1_task) refers to function.o(.bss) for All_flag
    main.o(i.DEMO1_task) refers to modbus_slave.o(.bss) for PLC_Data
    main.o(i.DEMO2_task) refers to iwdg.o(i.IWDG_Feed) for IWDG_Feed
    main.o(i.DEMO2_task) refers to function.o(i.stop) for stop
    main.o(i.DEMO2_task) refers to function.o(i.delay) for delay
    main.o(i.DEMO2_task) refers to function.o(.bss) for All_flag
    main.o(i.DEMO2_task) refers to modbus_slave.o(.bss) for PLC_Data
    main.o(i.DEMO_task) refers to function.o(i.delay) for delay
    main.o(i.DEMO_task) refers to function.o(.bss) for All_flag
    main.o(i.DEMO_task) refers to function.o(.data) for dir
    main.o(i.DEMO_task) refers to modbus_slave.o(.bss) for PLC_Data
    main.o(i.DEMO_task) refers to main.o(.data) for onway
    main.o(i.DEMO_task) refers to cdhdata.o(.bss) for front_cdh16
    main.o(i.Manual_task) refers to function.o(i.MotoStop) for MotoStop
    main.o(i.Manual_task) refers to function.o(i.CanSend_data) for CanSend_data
    main.o(i.Manual_task) refers to function.o(i.Motor_Zzhuan) for Motor_Zzhuan
    main.o(i.Manual_task) refers to function.o(i.delay) for delay
    main.o(i.Manual_task) refers to function.o(i.Motor_Fzhuan) for Motor_Fzhuan
    main.o(i.Manual_task) refers to function.o(.bss) for All_flag
    main.o(i.Manual_task) refers to can.o(.data) for Input
    main.o(i.Manual_task) refers to modbus_slave.o(.bss) for PLC_Data
    main.o(i.PID_task) refers to function.o(i.PID_Adjust) for PID_Adjust
    main.o(i.PID_task) refers to function.o(i.delay) for delay
    main.o(i.PID_task) refers to function.o(.bss) for All_flag
    main.o(i.PID_task) refers to function.o(.data) for car_statu
    main.o(i.PID_task) refers to pid.o(.bss) for PID
    main.o(i.PID_task) refers to main.o(.data) for cy_time
    main.o(i.Screen_task) refers to delay.o(i.osdelay_ms) for osdelay_ms
    main.o(i.Screen_task) refers to route.o(i.GetRouteStationNum) for GetRouteStationNum
    main.o(i.Screen_task) refers to route.o(i.GetRouteData) for GetRouteData
    main.o(i.Screen_task) refers to route.o(i.SetRouteData) for SetRouteData
    main.o(i.Screen_task) refers to route.o(i.UpdataStationToHmi) for UpdataStationToHmi
    main.o(i.Screen_task) refers to route.o(i.ClearStationToHmi) for ClearStationToHmi
    main.o(i.Screen_task) refers to route.o(i.UpdataStationToNow) for UpdataStationToNow
    main.o(i.Screen_task) refers to route.o(i.SetStationData) for SetStationData
    main.o(i.Screen_task) refers to modbus_slave.o(.bss) for PLC_Data
    main.o(i.Screen_task) refers to route.o(.data) for HmiRouteCopiedNumTemp
    main.o(i.Screen_task) refers to function.o(.data) for keynumber
    main.o(i.Screen_task) refers to route.o(.bss) for NowRouteInfor
    main.o(i.Screen_task) refers to function.o(i.delay) for delay
    main.o(i.Screen_task) refers to route.o(i.SetAllParameterToSystem) for SetAllParameterToSystem
    main.o(i.Screen_task) refers to route.o(i.GetProcessData) for GetProcessData
    main.o(i.Screen_task) refers to route.o(i.ClearStepToHmi) for ClearStepToHmi
    main.o(i.Screen_task) refers to route.o(i.UpdataProcessToHmi) for UpdataProcessToHmi
    main.o(i.Screen_task) refers to route.o(i.GetProcessStepNum) for GetProcessStepNum
    main.o(i.Screen_task) refers to route.o(i.GetProcessDataFrom) for GetProcessDataFrom
    main.o(i.Screen_task) refers to route.o(i.SetProcessData) for SetProcessData
    main.o(i.Screen_task) refers to route.o(i.InsertProcessData) for InsertProcessData
    main.o(i.Screen_task) refers to route.o(i.DeleteProcessData) for DeleteProcessData
    main.o(i.Screen_task) refers to os_task.o(i.OSTaskDel) for OSTaskDel
    main.o(i.Screen_task) refers to os_task.o(i.OSTaskCreate) for OSTaskCreate
    main.o(i.Screen_task) refers to route.o(i.SetOneParameterToSystem) for SetOneParameterToSystem
[...]
    W25QXX_Wait_Busy                         0x0800c49d   Thumb Code    18  w25qxx.o(i.W25QXX_Wait_Busy)
    W25QXX_Write                             0x0800c4b1   Thumb Code   180  w25qxx.o(i.W25QXX_Write)
    W25QXX_Write_16                          0x0800c569   Thumb Code    70  w25qxx.o(i.W25QXX_Write_16)
    W25QXX_Write_Enable                      0x0800c5b5   Thumb Code    24  w25qxx.o(i.W25QXX_Write_Enable)
    W25QXX_Write_NoCheck                     0x0800c5d5   Thumb Code    70  w25qxx.o(i.W25QXX_Write_NoCheck)
    W25QXX_Write_Page                        0x0800c61d   Thumb Code    80  w25qxx.o(i.W25QXX_Write_Page)
    WIFI_task                                0x0800c671   Thumb Code   120  main.o(i.WIFI_task)
    YX                                       0x0800c751   Thumb Code    50  function.o(i.YX)
    YY                                       0x0800c789   Thumb Code    50  function.o(i.YY)
    ZX                                       0x0800c7c1   Thumb Code    50  function.o(i.ZX)
    ZY                                       0x0800c7f9   Thumb Code    50  function.o(i.ZY)
    _sys_exit                                0x0800c831   Thumb Code     4  usart.o(i._sys_exit)
    data_Parameterreceive                    0x0800c835   Thumb Code  2520  read.o(i.data_Parameterreceive)
    delay                                    0x0800d231   Thumb Code    32  function.o(i.delay)
    delay_init                               0x0800d251   Thumb Code    94  delay.o(i.delay_init)
    delay_ms                                 0x0800d2c1   Thumb Code    66  delay.o(i.delay_ms)
    delay_osschedlock                        0x0800d311   Thumb Code    10  delay.o(i.delay_osschedlock)
    delay_osschedunlock                      0x0800d31b   Thumb Code    10  delay.o(i.delay_osschedunlock)
    delay_ostimedly                          0x0800d325   Thumb Code    16  delay.o(i.delay_ostimedly)
    delay_us                                 0x0800d335   Thumb Code    84  delay.o(i.delay_us)
    errorsend                                0x0800d38d   Thumb Code   138  modbus_slave.o(i.errorsend)
    float_task                               0x0800d421   Thumb Code   552  main.o(i.float_task)
    main                                     0x0800d691   Thumb Code   388  main.o(i.main)
    osdelay_ms                               0x0800d839   Thumb Code    24  delay.o(i.osdelay_ms)
    send_comm                                0x0800d851   Thumb Code    12  modbus_slave.o(i.send_comm)
    speek                                    0x0800d861   Thumb Code    70  xf.o(i.speek)
    start                                    0x0800d8a9   Thumb Code    98  function.o(i.start)
    start_task                               0x0800d919   Thumb Code   752  main.o(i.start_task)
    stop                                     0x0800dd41   Thumb Code    20  function.o(i.stop)
    yinling                                  0x0800dd5d   Thumb Code    86  xf.o(i.yinling)
    __aeabi_d2f                              0x0800dde5   Thumb Code     0  d2f.o(x$fpl$d2f)
    _d2f                                     0x0800dde5   Thumb Code    98  d2f.o(x$fpl$d2f)
    __aeabi_ddiv                             0x0800de49   Thumb Code     0  ddiv.o(x$fpl$ddiv)
    _ddiv                                    0x0800de49   Thumb Code   552  ddiv.o(x$fpl$ddiv)
    __aeabi_i2d                              0x0800e0f9   Thumb Code     0  dflt_clz.o(x$fpl$dflt)
    _dflt                                    0x0800e0f9   Thumb Code    46  dflt_clz.o(x$fpl$dflt)
    __aeabi_ui2d                             0x0800e127   Thumb Code     0  dflt_clz.o(x$fpl$dfltu)
    _dfltu                                   0x0800e127   Thumb Code    38  dflt_clz.o(x$fpl$dfltu)
    __fpl_dnaninf                            0x0800e14d   Thumb Code   156  dnaninf.o(x$fpl$dnaninf)
    __fpl_dretinf                            0x0800e1e9   Thumb Code    12  dretinf.o(x$fpl$dretinf)
    _fp_init                                 0x0800e1f5   Thumb Code    10  fpinit.o(x$fpl$fpinit)
    __fplib_config_fpu_vfp                   0x0800e1fd   Thumb Code     0  fpinit.o(x$fpl$fpinit)
    __fplib_config_pureend_doubles           0x0800e1fd   Thumb Code     0  fpinit.o(x$fpl$fpinit)
    __fpl_fretinf                            0x0800e1ff   Thumb Code    10  fretinf.o(x$fpl$fretinf)
    OSCfg_IdleTaskStkBasePtr                 0x0800e208   Data           4  os_cfg_app.o(.constdata)
    __I$use$fp                               0x0800e208   Number         0  usenofp.o(x$fpl$usenofp)
    OSCfg_IdleTaskStkLimit                   0x0800e20c   Data           4  os_cfg_app.o(.constdata)
    OSCfg_IdleTaskStkSize                    0x0800e210   Data           4  os_cfg_app.o(.constdata)
    OSCfg_IdleTaskStkSizeRAM                 0x0800e214   Data           4  os_cfg_app.o(.constdata)
    OSCfg_IntQBasePtr                        0x0800e218   Data           4  os_cfg_app.o(.constdata)
    OSCfg_IntQSize                           0x0800e21c   Data           2  os_cfg_app.o(.constdata)
    OSCfg_IntQSizeRAM                        0x0800e220   Data           4  os_cfg_app.o(.constdata)
    OSCfg_IntQTaskStkBasePtr                 0x0800e224   Data           4  os_cfg_app.o(.constdata)
    OSCfg_IntQTaskStkLimit                   0x0800e228   Data           4  os_cfg_app.o(.constdata)
    OSCfg_IntQTaskStkSize                    0x0800e22c   Data           4  os_cfg_app.o(.constdata)
    OSCfg_IntQTaskStkSizeRAM                 0x0800e230   Data           4  os_cfg_app.o(.constdata)
    OSCfg_ISRStkBasePtr                      0x0800e234   Data           4  os_cfg_app.o(.constdata)
    OSCfg_ISRStkSize                         0x0800e238   Data           4  os_cfg_app.o(.constdata)
    OSCfg_ISRStkSizeRAM                      0x0800e23c   Data           4  os_cfg_app.o(.constdata)
    OSCfg_MsgPoolSize                        0x0800e240   Data           2  os_cfg_app.o(.constdata)
    OSCfg_MsgPoolSizeRAM                     0x0800e244   Data           4  os_cfg_app.o(.constdata)
    OSCfg_MsgPoolBasePtr                     0x0800e248   Data           4  os_cfg_app.o(.constdata)
    OSCfg_StatTaskPrio                       0x0800e24c   Data           1  os_cfg_app.o(.constdata)
    OSCfg_StatTaskRate_Hz                    0x0800e250   Data           4  os_cfg_app.o(.constdata)
    OSCfg_StatTaskStkBasePtr                 0x0800e254   Data           4  os_cfg_app.o(.constdata)
    OSCfg_StatTaskStkLimit                   0x0800e258   Data           4  os_cfg_app.o(.constdata)
    OSCfg_StatTaskStkSize                    0x0800e25c   Data           4  os_cfg_app.o(.constdata)
    OSCfg_StatTaskStkSizeRAM                 0x0800e260   Data           4  os_cfg_app.o(.constdata)
    OSCfg_StkSizeMin                         0x0800e264   Data           4  os_cfg_app.o(.constdata)
    OSCfg_TickRate_Hz                        0x0800e268   Data           4  os_cfg_app.o(.constdata)
    OSCfg_TickTaskPrio                       0x0800e26c   Data           1  os_cfg_app.o(.constdata)
    OSCfg_TickTaskStkBasePtr                 0x0800e270   Data           4  os_cfg_app.o(.constdata)
    OSCfg_TickTaskStkLimit                   0x0800e274   Data           4  os_cfg_app.o(.constdata)
    OSCfg_TickTaskStkSize                    0x0800e278   Data           4  os_cfg_app.o(.constdata)
    OSCfg_TickTaskStkSizeRAM                 0x0800e27c   Data           4  os_cfg_app.o(.constdata)
    OSCfg_TickWheelSize                      0x0800e280   Data           2  os_cfg_app.o(.constdata)
    OSCfg_TickWheelSizeRAM                   0x0800e284   Data           4  os_cfg_app.o(.constdata)
    OSCfg_TmrTaskPrio                        0x0800e288   Data           1  os_cfg_app.o(.constdata)
    OSCfg_TmrTaskRate_Hz                     0x0800e28c   Data           4  os_cfg_app.o(.constdata)
    OSCfg_TmrTaskStkBasePtr                  0x0800e290   Data           4  os_cfg_app.o(.constdata)
    OSCfg_TmrTaskStkLimit                    0x0800e294   Data           4  os_cfg_app.o(.constdata)
    OSCfg_TmrTaskStkSize                     0x0800e298   Data           4  os_cfg_app.o(.constdata)
    OSCfg_TmrTaskStkSizeRAM                  0x0800e29c   Data           4  os_cfg_app.o(.constdata)
    OSCfg_TmrWheelSize                       0x0800e2a0   Data           2  os_cfg_app.o(.constdata)
    OSCfg_TmrWheelSizeRAM                    0x0800e2a4   Data           4  os_cfg_app.o(.constdata)
    OSCfg_DataSizeRAM                        0x0800e2a8   Data           4  os_cfg_app.o(.constdata)
    OSDbg_DbgEn                              0x0800e2ac   Data           2  os_dbg.o(.constdata)
    OSDbg_ArgChkEn                           0x0800e2ae   Data           1  os_dbg.o(.constdata)
    OSDbg_AppHooksEn                         0x0800e2af   Data           1  os_dbg.o(.constdata)
    OSDbg_EndiannessTest                     0x0800e2b0   Data           4  os_dbg.o(.constdata)
    OSDbg_CalledFromISRChkEn                 0x0800e2b4   Data           1  os_dbg.o(.constdata)
    OSDbg_FlagEn                             0x0800e2b5   Data           1  os_dbg.o(.constdata)
    OSDbg_FlagGrp                            0x0800e2b8   Data          40  os_dbg.o(.constdata)
    OSDbg_FlagDelEn                          0x0800e2e0   Data           1  os_dbg.o(.constdata)
    OSDbg_FlagModeClrEn                      0x0800e2e1   Data           1  os_dbg.o(.constdata)
    OSDbg_FlagPendAbortEn                    0x0800e2e2   Data           1  os_dbg.o(.constdata)
    OSDbg_FlagGrpSize                        0x0800e2e4   Data           2  os_dbg.o(.constdata)
    OSDbg_FlagWidth                          0x0800e2e6   Data           2  os_dbg.o(.constdata)
    OSDbg_IntQ                               0x0800e2e8   Data           2  os_dbg.o(.constdata)
    OSDbg_ISRPostDeferredEn                  0x0800e2ea   Data           1  os_dbg.o(.constdata)
    OSDbg_Mem                                0x0800e2ec   Data          32  os_dbg.o(.constdata)
    OSDbg_MemEn                              0x0800e30c   Data           1  os_dbg.o(.constdata)
    OSDbg_MemSize                            0x0800e30e   Data           2  os_dbg.o(.constdata)
    OSDbg_MsgEn                              0x0800e310   Data           1  os_dbg.o(.constdata)
    OSDbg_MsgSize                            0x0800e312   Data           2  os_dbg.o(.constdata)
    OSDbg_MsgPoolSize                        0x0800e314   Data           2  os_dbg.o(.constdata)
    OSDbg_MsgQSize                           0x0800e316   Data           2  os_dbg.o(.constdata)
    OSDbg_Mutex                              0x0800e318   Data          44  os_dbg.o(.constdata)
    OSDbg_MutexEn                            0x0800e344   Data           1  os_dbg.o(.constdata)
    OSDbg_MutexDelEn                         0x0800e345   Data           1  os_dbg.o(.constdata)
    OSDbg_MutexPendAbortEn                   0x0800e346   Data           1  os_dbg.o(.constdata)
    OSDbg_MutexSize                          0x0800e348   Data           2  os_dbg.o(.constdata)
    OSDbg_ObjTypeChkEn                       0x0800e34a   Data           1  os_dbg.o(.constdata)
    OSDbg_PendMultiEn                        0x0800e34b   Data           1  os_dbg.o(.constdata)
    OSDbg_PendDataSize                       0x0800e34c   Data           2  os_dbg.o(.constdata)
    OSDbg_PendListSize                       0x0800e34e   Data           2  os_dbg.o(.constdata)
    OSDbg_PendObjSize                        0x0800e350   Data           2  os_dbg.o(.constdata)
    OSDbg_PrioMax                            0x0800e352   Data           2  os_dbg.o(.constdata)
    OSDbg_PrioTblSize                        0x0800e354   Data           2  os_dbg.o(.constdata)
    OSDbg_PtrSize                            0x0800e356   Data           2  os_dbg.o(.constdata)
    OSDbg_Q                                  0x0800e358   Data          48  os_dbg.o(.constdata)
    OSDbg_QEn                                0x0800e388   Data           1  os_dbg.o(.constdata)
    OSDbg_QDelEn                             0x0800e389   Data           1  os_dbg.o(.constdata)
    OSDbg_QFlushEn                           0x0800e38a   Data           1  os_dbg.o(.constdata)
    OSDbg_QPendAbortEn                       0x0800e38b   Data           1  os_dbg.o(.constdata)
    OSDbg_QSize                              0x0800e38c   Data           2  os_dbg.o(.constdata)
    OSDbg_SchedRoundRobinEn                  0x0800e38e   Data           1  os_dbg.o(.constdata)
    OSDbg_Sem                                0x0800e390   Data          40  os_dbg.o(.constdata)
    OSDbg_SemEn                              0x0800e3b8   Data           1  os_dbg.o(.constdata)
    OSDbg_SemDelEn                           0x0800e3b9   Data           1  os_dbg.o(.constdata)
    OSDbg_SemPendAbortEn                     0x0800e3ba   Data           1  os_dbg.o(.constdata)
    OSDbg_SemSetEn                           0x0800e3bb   Data           1  os_dbg.o(.constdata)
    OSDbg_SemSize                            0x0800e3bc   Data           2  os_dbg.o(.constdata)
    OSDbg_RdyList                            0x0800e3be   Data           2  os_dbg.o(.constdata)
    OSDbg_RdyListSize                        0x0800e3c0   Data           4  os_dbg.o(.constdata)
    OSDbg_StkWidth                           0x0800e3c4   Data           1  os_dbg.o(.constdata)
    OSDbg_StatTaskEn                         0x0800e3c5   Data           1  os_dbg.o(.constdata)
    OSDbg_StatTaskStkChkEn                   0x0800e3c6   Data           1  os_dbg.o(.constdata)
    OSDbg_TaskChangePrioEn                   0x0800e3c7   Data           1  os_dbg.o(.constdata)
    OSDbg_TaskDelEn                          0x0800e3c8   Data           1  os_dbg.o(.constdata)
    OSDbg_TaskQEn                            0x0800e3c9   Data           1  os_dbg.o(.constdata)
    OSDbg_TaskQPendAbortEn                   0x0800e3ca   Data           1  os_dbg.o(.constdata)
    OSDbg_TaskProfileEn                      0x0800e3cb   Data           1  os_dbg.o(.constdata)
    OSDbg_TaskRegTblSize                     0x0800e3cc   Data           2  os_dbg.o(.constdata)
    OSDbg_TaskSemPendAbortEn                 0x0800e3ce   Data           1  os_dbg.o(.constdata)
    OSDbg_TaskSuspendEn                      0x0800e3cf   Data           1  os_dbg.o(.constdata)
    OSDbg_TCBSize                            0x0800e3d0   Data           2  os_dbg.o(.constdata)
    OSDbg_TickSpokeSize                      0x0800e3d2   Data           2  os_dbg.o(.constdata)
    OSDbg_TimeDlyHMSMEn                      0x0800e3d4   Data           1  os_dbg.o(.constdata)
    OSDbg_TimeDlyResumeEn                    0x0800e3d5   Data           1  os_dbg.o(.constdata)
    OSDbg_TLS_TblSize                        0x0800e3d6   Data           2  os_dbg.o(.constdata)
    OSDbg_Tmr                                0x0800e3d8   Data          52  os_dbg.o(.constdata)
    OSDbg_TmrEn                              0x0800e40c   Data           1  os_dbg.o(.constdata)
    OSDbg_TmrDelEn                           0x0800e40d   Data           1  os_dbg.o(.constdata)
    OSDbg_TmrSize                            0x0800e40e   Data           2  os_dbg.o(.constdata)
    OSDbg_TmrSpokeSize                       0x0800e410   Data           2  os_dbg.o(.constdata)
    OSDbg_VersionNbr                         0x0800e412   Data           2  os_dbg.o(.constdata)
    OSDbg_DataSize                           0x0800e414   Data           4  os_dbg.o(.constdata)
    Region$$Table$$Base                      0x0800e418   Number         0  anon$$obj.o(Region$$Table)
    Region$$Table$$Limit                     0x0800e438   Number         0  anon$$obj.o(Region$$Table)
    cy_time                                  0x20000000   Data           1  main.o(.data)
    onway                                    0x20000001   Data           1  main.o(.data)
    rece_index                               0x20000002   Data           1  dma.o(.data)
    rece2_index                              0x20000003   Data           1  dma.o(.data)
    rece6_index                              0x20000004   Data           1  dma.o(.data)
    rece3_index                              0x20000005   Data           1  dma.o(.data)
    W25QXX_TYPE                              0x20000006   Data           2  w25qxx.o(.data)
    tim31_count                              0x20000008   Data           4  timer2.o(.data)
    tim32_count                              0x2000000c   Data           4  timer2.o(.data)
    tim91_count                              0x20000010   Data           4  timer2.o(.data)
    tim92_count                              0x20000014   Data           4  timer2.o(.data)
    can_Sebuf                                0x20000018   Data           4  can.o(.data)
    can_Rebuf                                0x2000001c   Data           2  can.o(.data)
    OutPut                                   0x2000001e   Data          10  can.o(.data)
    Input                                    0x20000028   Data          12  can.o(.data)
    cdh_16_qian                              0x20000034   Data           2  can.o(.data)
    cdh_16_hou                               0x20000036   Data           2  can.o(.data)
    count31                                  0x20000038   Data           4  capcount3.o(.data)
    count32                                  0x2000003c   Data           4  capcount3.o(.data)
    count91                                  0x20000040   Data           4  capcount9.o(.data)
    count92                                  0x20000044   Data           4  capcount9.o(.data)
    reclength                                0x20000048   Data           2  modbus_slave.o(.data)
    sendlength                               0x2000004a   Data           2  modbus_slave.o(.data)
    XFS_StopCom                              0x2000004c   Data           4  xf.o(.data)
    XFS_SuspendCom                           0x20000050   Data           4  xf.o(.data)
    XFS_RecoverCom                           0x20000054   Data           4  xf.o(.data)
    XFS_ChackCom                             0x20000058   Data           4  xf.o(.data)
    XFS_PowerDownCom                         0x2000005c   Data           4  xf.o(.data)
    XIAO_YAN                                 0x20000060   Data           9  xf.o(.data)
    XU_JIU                                   0x20000069   Data          10  xf.o(.data)
    YU_DUO                                   0x20000073   Data          10  xf.o(.data)
    XIAO_PING                                0x2000007d   Data          10  xf.o(.data)
    LAO_YA                                   0x20000087   Data          10  xf.o(.data)
    XIAO_BAO                                 0x20000091   Data          10  xf.o(.data)
    YIN_LIANG0                               0x2000009b   Data           9  xf.o(.data)
    YIN_LIANG1                               0x200000a4   Data           9  xf.o(.data)
    YIN_LIANG2                               0x200000ad   Data           9  xf.o(.data)
    YIN_LIANG3                               0x200000b6   Data           9  xf.o(.data)
    YIN_LIANG4                               0x200000bf   Data           9  xf.o(.data)
    YIN_LIANG5                               0x200000c8   Data           9  xf.o(.data)
    YIN_LIANG6                               0x200000d1   Data           9  xf.o(.data)
    YIN_LIANG7                               0x200000da   Data           9  xf.o(.data)
    YIN_LIANG8                               0x200000e3   Data           9  xf.o(.data)
    YIN_LIANG9                               0x200000ec   Data           9  xf.o(.data)
    YIN_SU0                                  0x200000f5   Data           9  xf.o(.data)
    YIN_SU1                                  0x200000fe   Data           9  xf.o(.data)
    YIN_SU2                                  0x20000107   Data           9  xf.o(.data)
    YIN_SU3                                  0x20000110   Data           9  xf.o(.data)
    YIN_SU4                                  0x20000119   Data           9  xf.o(.data)
    YIN_SU5                                  0x20000122   Data           9  xf.o(.data)
    YIN_SU6                                  0x2000012b   Data           9  xf.o(.data)
    YIN_SU7                                  0x20000134   Data           9  xf.o(.data)
    YIN_SU8                                  0x2000013d   Data           9  xf.o(.data)
    YIN_SU9                                  0x20000146   Data           9  xf.o(.data)
    YIN_DIAO0                                0x2000014f   Data           9  xf.o(.data)
    YIN_DIAO1                                0x20000158   Data           9  xf.o(.data)
    YIN_DIAO2                                0x20000161   Data           9  xf.o(.data)
    YIN_DIAO3                                0x2000016a   Data           9  xf.o(.data)
    YIN_DIAO4                                0x20000173   Data           9  xf.o(.data)
    YIN_DIAO5                                0x2000017c   Data           9  xf.o(.data)
    YIN_DIAO6                                0x20000185   Data           9  xf.o(.data)
    YIN_DIAO7                                0x2000018e   Data           9  xf.o(.data)
    YIN_DIAO8                                0x20000197   Data           9  xf.o(.data)
    YIN_DIAO9                                0x200001a0   Data           9  xf.o(.data)
    car_statu                                0x200001ac   Data           1  function.o(.data)
    dir                                      0x200001ad   Data           1  function.o(.data)
    CAN1_Sebuf                               0x200001ae   Data           5  function.o(.data)
    fencha_dir                               0x200001b3   Data           1  function.o(.data)
    tubian_num                               0x200001b4   Data           1  function.o(.data)
    XuanZhuanNUM                             0x200001b5   Data           1  function.o(.data)
    PingYiNum                                0x200001b6   Data           1  function.o(.data)
    keynumber                                0x200001b8   Data           2  function.o(.data)
    ld_juli                                  0x200001ba   Data           1  function.o(.data)
    Manual_juli                              0x200001bb   Data           1  function.o(.data)
    Jhwai_switch                             0x200001bc   Data           1  function.o(.data)
    Cdh1_Inc                                 0x200001c0   Data           4  function.o(.data)
    ADC_POWER                                0x200001c4   Data           4  function.o(.data)
    lidian                                   0x200001c8   Data           6  function.o(.data)
    speed                                    0x200001d0   Data          24  function.o(.data)
    HmiRouteNumFlag                          0x200001e8   Data           2  route.o(.data)
    HmiRouteCopiedNumTemp                    0x200001ea   Data           2  route.o(.data)
    HmiProcessNumFlag                        0x200001ec   Data           2  route.o(.data)
    HmiProcessCopiedNumTemp                  0x200001ee   Data           2  route.o(.data)
    send_ok                                  0x200001f0   Data           1  read.o(.data)
    receive_ok                               0x200001f1   Data           1  read.o(.data)
    readstate                                0x200001f2   Data           1  read.o(.data)
    lujing_readstate                         0x200001f3   Data           1  read.o(.data)
    zhandian_readstate                       0x200001f4   Data           1  read.o(.data)
    liucheng_readstate                       0x200001f5   Data           1  read.o(.data)
    xuhao_readstate                          0x200001f6   Data           1  read.o(.data)
    sum                                      0x200001f8   Data           2  read.o(.data)
    parment_number                           0x200001fa   Data           2  read.o(.data)
    lujing_number                            0x200001fc   Data           2  read.o(.data)
    liucheng_number                          0x200001fe   Data           2  read.o(.data)
    zhandian_number                          0x20000200   Data           2  read.o(.data)
    xuhao_number                             0x20000202   Data           2  read.o(.data)
    zhandian_sum                             0x20000204   Data           2  read.o(.data)
    xuhao_sum                                0x20000206   Data           2  read.o(.data)
    rout_number                              0x20000208   Data           2  read.o(.data)
    length                                   0x2000020a   Data           2  read.o(.data)
    CPU_TS_TmrFreq_Hz                        0x20000220   Data           4  cpu_core.o(.data)
    OSPrioTbl                                0x20000224   Data           8  os_prio.o(.data)
    OS_AppTaskCreateHookPtr                  0x2000022c   Data           4  os_var.o(.data)
    OS_AppTaskDelHookPtr                     0x20000230   Data           4  os_var.o(.data)
    OS_AppTaskReturnHookPtr                  0x20000234   Data           4  os_var.o(.data)
    OS_AppIdleTaskHookPtr                    0x20000238   Data           4  os_var.o(.data)
    OS_AppStatTaskHookPtr                    0x2000023c   Data           4  os_var.o(.data)
    OS_AppTaskSwHookPtr                      0x20000240   Data           4  os_var.o(.data)
    OS_AppTimeTickHookPtr                    0x20000244   Data           4  os_var.o(.data)
    OSIdleTaskCtr                            0x20000248   Data           4  os_var.o(.data)
    OSIntNestingCtr                          0x2000024c   Data           1  os_var.o(.data)
    OSRunning                                0x2000024d   Data           1  os_var.o(.data)
    OSIntQInPtr                              0x20000250   Data           4  os_var.o(.data)
    OSIntQOutPtr                             0x20000254   Data           4  os_var.o(.data)
    OSIntQNbrEntries                         0x20000258   Data           2  os_var.o(.data)
    OSIntQNbrEntriesMax                      0x2000025a   Data           2  os_var.o(.data)
    OSIntQOvfCtr                             0x2000025c   Data           2  os_var.o(.data)
    OSIntQTaskTimeMax                        0x20000260   Data           4  os_var.o(.data)
    OSFlagDbgListPtr                         0x20000264   Data           4  os_var.o(.data)
    OSFlagQty                                0x20000268   Data           2  os_var.o(.data)
    OSMemDbgListPtr                          0x2000026c   Data           4  os_var.o(.data)
    OSMemQty                                 0x20000270   Data           2  os_var.o(.data)
    OSMutexDbgListPtr                        0x20000274   Data           4  os_var.o(.data)
    OSMutexQty                               0x20000278   Data           2  os_var.o(.data)
    OSPrioCur                                0x2000027a   Data           1  os_var.o(.data)
    OSPrioHighRdy                            0x2000027b   Data           1  os_var.o(.data)
    OSPrioSaved                              0x2000027c   Data           1  os_var.o(.data)
    OSQDbgListPtr                            0x20000280   Data           4  os_var.o(.data)
    OSQQty                                   0x20000284   Data           2  os_var.o(.data)
    OSSchedLockTimeBegin                     0x20000288   Data           4  os_var.o(.data)
    OSSchedLockTimeMax                       0x2000028c   Data           4  os_var.o(.data)
    OSSchedLockTimeMaxCur                    0x20000290   Data           4  os_var.o(.data)
    OSSchedLockNestingCtr                    0x20000294   Data           1  os_var.o(.data)
    OSSchedRoundRobinDfltTimeQuanta          0x20000298   Data           4  os_var.o(.data)
    OSSchedRoundRobinEn                      0x2000029c   Data           1  os_var.o(.data)
    OSSemDbgListPtr                          0x200002a0   Data           4  os_var.o(.data)
    OSSemQty                                 0x200002a4   Data           2  os_var.o(.data)
    OSStatResetFlag                          0x200002a6   Data           1  os_var.o(.data)
    OSStatTaskCPUUsage                       0x200002a8   Data           2  os_var.o(.data)
    OSStatTaskCPUUsageMax                    0x200002aa   Data           2  os_var.o(.data)
    OSStatTaskCtr                            0x200002ac   Data           4  os_var.o(.data)
    OSStatTaskCtrMax                         0x200002b0   Data           4  os_var.o(.data)
    OSStatTaskCtrRun                         0x200002b4   Data           4  os_var.o(.data)
    OSStatTaskRdy                            0x200002b8   Data           1  os_var.o(.data)
    OSStatTaskTimeMax                        0x200002bc   Data           4  os_var.o(.data)
    OSTaskCtxSwCtr                           0x200002c0   Data           4  os_var.o(.data)
    OSTaskDbgListPtr                         0x200002c4   Data           4  os_var.o(.data)
    OSTaskQty                                0x200002c8   Data           2  os_var.o(.data)
    OSTaskRegNextAvailID                     0x200002ca   Data           1  os_var.o(.data)
    OSTickCtr                                0x200002cc   Data           4  os_var.o(.data)
    OSTickTaskTimeMax                        0x200002d0   Data           4  os_var.o(.data)
    OSTmrDbgListPtr                          0x200002d4   Data           4  os_var.o(.data)
    OSTmrQty                                 0x200002d8   Data           2  os_var.o(.data)
    OSTmrTaskTimeMax                         0x200002dc   Data           4  os_var.o(.data)
    OSTmrTickCtr                             0x200002e0   Data           4  os_var.o(.data)
    OSTmrUpdateCnt                           0x200002e4   Data           4  os_var.o(.data)
    OSTmrUpdateCtr                           0x200002e8   Data           4  os_var.o(.data)
    OSTCBCurPtr                              0x200002ec   Data           4  os_var.o(.data)
    OSTCBHighRdyPtr                          0x200002f0   Data           4  os_var.o(.data)
    OS_CPU_ExceptStkBase                     0x200002f4   Data           4  os_cpu_c.o(.data)
    StartTaskTCB                             0x200002f8   Data         196  main.o(.bss)
    START_TASK_STK                           0x200003bc   Data        2048  main.o(.bss)
    TransducerTaskTCB                        0x20000bbc   Data         196  main.o(.bss)
    Transducer_TASK_STK                      0x20000c80   Data        2048  main.o(.bss)
    AutoTaskTCB                              0x20001480   Data         196  main.o(.bss)
    Auto_TASK_STK                            0x20001544   Data        2048  main.o(.bss)
    ManualTaskTCB                            0x20001d44   Data         196  main.o(.bss)
    Manual_TASK_STK                          0x20001e08   Data        2048  main.o(.bss)
    FloatTaskTCB                             0x20002608   Data         196  main.o(.bss)
    FLOAT_TASK_STK                           0x200026cc   Data        2048  main.o(.bss)
    DEMOTaskTCB                              0x20002ecc   Data         196  main.o(.bss)
    DEMO_TASK_STK                            0x20002f90   Data        2048  main.o(.bss)
    Task5_TaskTCB                            0x20003790   Data         196  main.o(.bss)
    Task5_TASK_STK                           0x20003854   Data        2048  main.o(.bss)
    ControlTaskTCB                           0x20004054   Data         196  main.o(.bss)
    Control_TASK_STK                         0x20004118   Data        2048  main.o(.bss)
    WIFITaskTCB                              0x20004918   Data         196  main.o(.bss)
    WIFI_TASK_STK                            0x200049dc   Data        2048  main.o(.bss)
    ScreenTaskTCB                            0x200051dc   Data         196  main.o(.bss)
    Screen_TASK_STK                          0x200052a0   Data        2048  main.o(.bss)
    DEMO1TaskTCB                             0x20005aa0   Data         196  main.o(.bss)
    DEMO1_TASK_STK                           0x20005b64   Data        2048  main.o(.bss)
    DEMO2TaskTCB                             0x20006364   Data         196  main.o(.bss)
    DEMO2_TASK_STK                           0x20006428   Data        2048  main.o(.bss)
    PIDTaskTCB                               0x20006c28   Data         196  main.o(.bss)
    PID_TASK_STK                             0x20006cec   Data        2048  main.o(.bss)
    AD_Value                                 0x200074f0   Data         180  dma.o(.bss)
    After_filter                             0x200075a8   Data          24  dma.o(.bss)
    sendBuf                                  0x200075c0   Data         250  dma.o(.bss)
    receBuf                                  0x200076ba   Data         250  dma.o(.bss)
    rece2_buf                                0x200077b4   Data         250  dma.o(.bss)
    send2_buf                                0x200078ae   Data         250  dma.o(.bss)
    rece6_buf                                0x200079a8   Data         250  dma.o(.bss)
    send6_buf                                0x20007aa2   Data         250  dma.o(.bss)
    rece3_buf                                0x20007b9c   Data         130  dma.o(.bss)
    send3_buf                                0x20007c1e   Data         130  dma.o(.bss)
    W25QXX_BUFFER                            0x20007ca0   Data        4096  w25qxx.o(.bss)
    Buffer_Read                              0x20008ca0   Data        2000  w25qxx.o(.bss)
    Buffer_Write                             0x20009470   Data        2000  w25qxx.o(.bss)
    RxMessage                                0x20009c40   Data          20  can.o(.bss)
    front_cdh16                              0x20009c54   Data          28  cdhdata.o(.bss)
    back_cdh16                               0x20009c70   Data          28  cdhdata.o(.bss)
    backl_cdh8                               0x20009c8c   Data          28  cdhdata.o(.bss)
    backr_cdh8                               0x20009ca8   Data          28  cdhdata.o(.bss)
    findtemp                                 0x20009cc4   Data          28  cdhdata.o(.bss)
    PLC_InPut                                0x20009ce0   Data          64  modbus_slave.o(.bss)
    PLC_OutPut                               0x20009d20   Data         128  modbus_slave.o(.bss)
    PLC_Data                                 0x20009da0   Data         256  modbus_slave.o(.bss)
    PID                                      0x20009ea0   Data          32  pid.o(.bss)
    USART6_TX_BUF                            0x20009ec0   Data         100  function.o(.bss)
    All_flag                                 0x20009f24   Data          13  function.o(.bss)
    SystemParameter                          0x20009f32   Data         202  route.o(.bss)
    RouteStationNum                          0x20009ffc   Data        1000  route.o(.bss)
    NowRouteInfor                            0x2000a3e4   Data        4000  route.o(.bss)
    StationInfor                             0x2000b384   Data          40  route.o(.bss)
    ProcessStepNum                           0x2000b3ac   Data        1000  route.o(.bss)
    NowProcessInfor                          0x2000b794   Data         600  route.o(.bss)
    lujing_cun                               0x2000b9ec   Data         500  read.o(.bss)
    liucheng_cun                             0x2000bbe0   Data         500  read.o(.bss)
    CPU_Name                                 0x2000bdd4   Data          16  cpu_core.o(.bss)
    OSCfg_IdleTaskStk                        0x2000bde4   Data         512  os_cfg_app.o(.bss)
    OSCfg_IntQ                               0x2000bfe4   Data         320  os_cfg_app.o(.bss)
    OSCfg_IntQTaskStk                        0x2000c124   Data         512  os_cfg_app.o(.bss)
    OSCfg_ISRStk                             0x2000c324   Data         512  os_cfg_app.o(.bss)
    OSCfg_MsgPool                            0x2000c524   Data        1600  os_cfg_app.o(.bss)
    OSCfg_StatTaskStk                        0x2000cb64   Data         512  os_cfg_app.o(.bss)
    OSCfg_TickTaskStk                        0x2000cd64   Data         512  os_cfg_app.o(.bss)
    OSCfg_TickWheel                          0x2000cf64   Data         136  os_cfg_app.o(.bss)
    OSCfg_TmrTaskStk                         0x2000cfec   Data         512  os_cfg_app.o(.bss)
    OSCfg_TmrWheel                           0x2000d1ec   Data         136  os_cfg_app.o(.bss)
    OSIdleTaskTCB                            0x2000d274   Data         196  os_var.o(.bss)
    OSIntQTaskTCB                            0x2000d338   Data         196  os_var.o(.bss)
    OSMsgPool                                0x2000d3fc   Data          12  os_var.o(.bss)
    OSRdyList                                0x2000d408   Data         768  os_var.o(.bss)
    OSStatTaskTCB                            0x2000d708   Data         196  os_var.o(.bss)
    OSTickTaskTCB                            0x2000d7cc   Data         196  os_var.o(.bss)
    OSTmrTaskTCB                             0x2000d890   Data         196  os_var.o(.bss)
    __libspace_start                         0x2000d954   Data          96  libspace.o(.bss)
    __temporary_stack_top$libspace           0x2000d9b4   Data           0  libspace.o(.bss)



==============================================================================

Memory Map of the image

  Image Entry point : 0x08000189

  Load Region LR_IROM1 (Base: 0x08000000, Size: 0x0000e730, Max: 0x00080000, ABSOLUTE, COMPRESSED[0x0000e500])

    Execution Region ER_IROM1 (Exec base: 0x08000000, Load base: 0x08000000, Size: 0x0000e438, Max: 0x00080000, ABSOLUTE)

    Exec Addr    Load Addr    Size         Type   Attr      Idx    E Section Name        Object

    0x08000000   0x08000000   0x00000188   Data   RO         1703    RESET               startup_stm32f40_41xxx.o
    0x08000188   0x08000188   0x00000008   Code   RO         5882  * !!!main             c_w.l(__main.o)
    0x08000190   0x08000190   0x00000034   Code   RO         6237    !!!scatter          c_w.l(__scatter.o)
    0x080001c4   0x080001c4   0x0000005a   Code   RO         6235    !!dczerorl2         c_w.l(__dczerorl2.o)
    0x0800021e   0x0800021e   0x00000002   PAD
    0x08000220   0x08000220   0x0000001c   Code   RO         6239    !!handler_zi        c_w.l(__scatter_zi.o)
    0x0800023c   0x0800023c   0x00000002   Code   RO         6100    .ARM.Collect$$libinit$$00000000  c_w.l(libinit.o)
    0x0800023e   0x0800023e   0x00000004   Code   RO         6121    .ARM.Collect$$libinit$$00000001  c_w.l(libinit2.o)
    0x08000242   0x08000242   0x00000000   Code   RO         6124    .ARM.Collect$$libinit$$00000004  c_w.l(libinit2.o)
    0x08000242   0x08000242   0x00000000   Code   RO         6127    .ARM.Collect$$libinit$$0000000A  c_w.l(libinit2.o)
    0x08000242   0x08000242   0x00000000   Code   RO         6129    .ARM.Collect$$libinit$$0000000C  c_w.l(libinit2.o)
    0x08000242   0x08000242   0x00000000   Code   RO         6131    .ARM.Collect$$libinit$$0000000E  c_w.l(libinit2.o)
    0x08000242   0x08000242   0x00000000   Code   RO         6134    .ARM.Collect$$libinit$$00000011  c_w.l(libinit2.o)
    0x08000242   0x08000242   0x00000000   Code   RO         6136    .ARM.Collect$$libinit$$00000013  c_w.l(libinit2.o)
    0x08000242   0x08000242   0x00000000   Code   RO         6138    .ARM.Collect$$libinit$$00000015  c_w.l(libinit2.o)
    0x08000242   0x08000242   0x00000000   Code   RO         6140    .ARM.Collect$$libinit$$00000017  c_w.l(libinit2.o)
    0x08000242   0x08000242   0x00000000   Code   RO         6142    .ARM.Collect$$libinit$$00000019  c_w.l(libinit2.o)
    0x08000242   0x08000242   0x00000000   Code   RO         6144    .ARM.Collect$$libinit$$0000001B  c_w.l(libinit2.o)
    0x08000242   0x08000242   0x00000000   Code   RO         6146    .ARM.Collect$$libinit$$0000001D  c_w.l(libinit2.o)
    0x08000242   0x08000242   0x00000000   Code   RO         6148    .ARM.Collect$$libinit$$0000001F  c_w.l(libinit2.o)
    0x08000242   0x08000242   0x00000000   Code   RO         6150    .ARM.Collect$$libinit$$00000021  c_w.l(libinit2.o)
    0x08000242   0x08000242   0x00000000   Code   RO         6152    .ARM.Collect$$libinit$$00000023  c_w.l(libinit2.o)
    0x08000242   0x08000242   0x00000000   Code   RO         6154    .ARM.Collect$$libinit$$00000025  c_w.l(libinit2.o)
    0x08000242   0x08000242   0x00000000   Code   RO         6158    .ARM.Collect$$libinit$$0000002C  c_w.l(libinit2.o)
    0x08000242   0x08000242   0x00000000   Code   RO         6160    .ARM.Collect$$libinit$$0000002E  c_w.l(libinit2.o)
    0x08000242   0x08000242   0x00000000   Code   RO         6162    .ARM.Collect$$libinit$$00000030  c_w.l(libinit2.o)
    0x08000242   0x08000242   0x00000000   Code   RO         6164    .ARM.Collect$$libinit$$00000032  c_w.l(libinit2.o)
    0x08000242   0x08000242   0x00000002   Code   RO         6165    .ARM.Collect$$libinit$$00000033  c_w.l(libinit2.o)
    0x08000244   0x08000244   0x00000002   Code   RO         6191    .ARM.Collect$$libshutdown$$00000000  c_w.l(libshutdown.o)
    0x08000246   0x08000246   0x00000000   Code   RO         6218    .ARM.Collect$$libshutdown$$00000002  c_w.l(libshutdown2.o)
    0x08000246   0x08000246   0x00000000   Code   RO         6220    .ARM.Collect$$libshutdown$$00000004  c_w.l(libshutdown2.o)
    0x08000246   0x08000246   0x00000000   Code   RO         6223    .ARM.Collect$$libshutdown$$00000007  c_w.l(libshutdown2.o)
    0x08000246   0x08000246   0x00000000   Code   RO         6226    .ARM.Collect$$libshutdown$$0000000A  c_w.l(libshutdown2.o)
    0x08000246   0x08000246   0x00000000   Code   RO         6228    .ARM.Collect$$libshutdown$$0000000C  c_w.l(libshutdown2.o)
    0x08000246   0x08000246   0x00000000   Code   RO         6231    .ARM.Collect$$libshutdown$$0000000F  c_w.l(libshutdown2.o)
    0x08000246   0x08000246   0x00000002   Code   RO         6232    .ARM.Collect$$libshutdown$$00000010  c_w.l(libshutdown2.o)
    0x08000248   0x08000248   0x00000000   Code   RO         5904    .ARM.Collect$$rtentry$$00000000  c_w.l(__rtentry.o)
    0x08000248   0x08000248   0x00000000   Code   RO         6016    .ARM.Collect$$rtentry$$00000002  c_w.l(__rtentry2.o)
    0x08000248   0x08000248   0x00000006   Code   RO         6028    .ARM.Collect$$rtentry$$00000004  c_w.l(__rtentry4.o)
    0x0800024e   0x0800024e   0x00000000   Code   RO         6018    .ARM.Collect$$rtentry$$00000009  c_w.l(__rtentry2.o)
    0x0800024e   0x0800024e   0x00000004   Code   RO         6019    .ARM.Collect$$rtentry$$0000000A  c_w.l(__rtentry2.o)
    0x08000252   0x08000252   0x00000000   Code   RO         6021    .ARM.Collect$$rtentry$$0000000C  c_w.l(__rtentry2.o)
    0x08000252   0x08000252   0x00000008   Code   RO         6022    .ARM.Collect$$rtentry$$0000000D  c_w.l(__rtentry2.o)
    0x0800025a   0x0800025a   0x00000002   Code   RO         6108    .ARM.Collect$$rtexit$$00000000  c_w.l(rtexit.o)
    0x0800025c   0x0800025c   0x00000000   Code   RO         6167    .ARM.Collect$$rtexit$$00000002  c_w.l(rtexit2.o)
    0x0800025c   0x0800025c   0x00000004   Code   RO         6168    .ARM.Collect$$rtexit$$00000003  c_w.l(rtexit2.o)
    0x08000260   0x08000260   0x00000006   Code   RO         6169    .ARM.Collect$$rtexit$$00000004  c_w.l(rtexit2.o)
    0x08000266   0x08000266   0x00000002   PAD
    0x08000268   0x08000268   0x00000040   Code   RO         1704    .text               startup_stm32f40_41xxx.o
    0x080002a8   0x080002a8   0x00000034   Code   RO         4177    .text               cpu_a.o
    0x080002dc   0x080002dc   0x00000002   Code   RO         5862    .text               c_w.l(use_no_semi_2.o)
    0x080002de   0x080002de   0x00000024   Code   RO         5868    .text               c_w.l(strstr.o)
    0x08000302   0x08000302   0x0000003e   Code   RO         5870    .text               c_w.l(strlen.o)
    0x08000340   0x08000340   0x0000008a   Code   RO         5872    .text               c_w.l(rt_memcpy_v6.o)
    0x080003ca   0x080003ca   0x00000064   Code   RO         5874    .text               c_w.l(rt_memcpy_w.o)
    0x0800042e   0x0800042e   0x00000044   Code   RO         5876    .text               c_w.l(rt_memclr.o)
    0x08000472   0x08000472   0x0000004e   Code   RO         5878    .text               c_w.l(rt_memclr_w.o)
    0x080004c0   0x080004c0   0x00000006   Code   RO         5880    .text               c_w.l(heapauxi.o)
    0x080004c6   0x080004c6   0x00000002   Code   RO         5902    .text               c_w.l(use_no_semi.o)
    0x080004c8   0x080004c8   0x0000004a   Code   RO         6050    .text               c_w.l(sys_stackheap_outer.o)
    0x08000512   0x08000512   0x00000012   Code   RO         6089    .text               c_w.l(exit.o)
    0x08000524   0x08000524   0x00000008   Code   RO         6105    .text               c_w.l(libspace.o)
    0x0800052c   0x0800052c   0x000000ac   Code   RO         5791    CODE                os_cpu_a.o
    0x080005d8   0x080005d8   0x000000b0   Code   RO          561    i.ADC1_Configuration  adc.o
    0x08000688   0x08000688   0x00000016   Code   RO         2436    i.ADC_Cmd           stm32f4xx_adc.o
    0x0800069e   0x0800069e   0x00000002   PAD
    0x080006a0   0x080006a0   0x00000030   Code   RO         2437    i.ADC_CommonInit    stm32f4xx_adc.o
    0x080006d0   0x080006d0   0x00000016   Code   RO         2440    i.ADC_DMACmd        stm32f4xx_adc.o
    0x080006e6   0x080006e6   0x00000016   Code   RO         2441    i.ADC_DMARequestAfterLastTransferCmd  stm32f4xx_adc.o
    0x080006fc   0x080006fc   0x00000054   Code   RO         2456    i.ADC_Init          stm32f4xx_adc.o
    0x08000750   0x08000750   0x000000b8   Code   RO         2461    i.ADC_RegularChannelConfig  stm32f4xx_adc.o
    0x08000808   0x08000808   0x0000000a   Code   RO         2463    i.ADC_SoftwareStartConv  stm32f4xx_adc.o
    0x08000812   0x08000812   0x00000002   PAD
    0x08000814   0x08000814   0x00000108   Code   RO         1025    i.AnalyzeRecieve    modbus_slave.o
    0x0800091c   0x0800091c   0x000000bc   Code   RO            3    i.Auto_task         main.o
    0x080009d8   0x080009d8   0x0000000e   Code   RO         3958    i.BSP_CPU_ClkFreq   bsp.o
    0x080009e6   0x080009e6   0x00000004   Code   RO          368    i.BusFault_Handler  stm32f4xx_it.o
    0x080009ea   0x080009ea   0x00000002   PAD
    0x080009ec   0x080009ec   0x00000100   Code   RO          852    i.CAN1_Mode_Init    can.o
    0x08000aec   0x08000aec   0x000000cc   Code   RO          853    i.CAN1_RX0_IRQHandler  can.o
    0x08000bb8   0x08000bb8   0x0000006c   Code   RO          855    i.CAN1_Send_Msg     can.o
    0x08000c24   0x08000c24   0x00000104   Code   RO          856    i.CAN2_Mode_Init    can.o
    0x08000d28   0x08000d28   0x000000c0   Code   RO          857    i.CAN2_RX0_IRQHandler  can.o
    0x08000de8   0x08000de8   0x00000108   Code   RO         3663    i.CAN_FilterInit    stm32f4xx_can.o
    0x08000ef0   0x08000ef0   0x00000012   Code   RO         3669    i.CAN_ITConfig      stm32f4xx_can.o
    0x08000f02   0x08000f02   0x00000114   Code   RO         3670    i.CAN_Init          stm32f4xx_can.o
    0x08001016   0x08001016   0x000000f0   Code   RO         3673    i.CAN_Receive       stm32f4xx_can.o
    0x08001106   0x08001106   0x00000126   Code   RO         3678    i.CAN_Transmit      stm32f4xx_can.o
    0x0800122c   0x0800122c   0x000000a0   Code   RO         3679    i.CAN_TransmitStatus  stm32f4xx_can.o
    0x080012cc   0x080012cc   0x0000000c   Code   RO         4053    i.CPU_Init          cpu_core.o
    0x080012d8   0x080012d8   0x00000030   Code   RO         4054    i.CPU_NameClr       cpu_core.o
    0x08001308   0x08001308   0x00000008   Code   RO         4056    i.CPU_NameInit      cpu_core.o
    0x08001310   0x08001310   0x00000014   Code   RO         4060    i.CPU_TS_Init       cpu_core.o
    0x08001324   0x08001324   0x0000000c   Code   RO         4062    i.CPU_TS_TmrFreqSet  cpu_core.o
    0x08001330   0x08001330   0x00000034   Code   RO         3960    i.CPU_TS_TmrInit    bsp.o
    0x08001364   0x08001364   0x0000000c   Code   RO         3961    i.CPU_TS_TmrRd      bsp.o
    0x08001370   0x08001370   0x0000003a   Code   RO         1026    i.CalcCrc           modbus_slave.o
    0x080013aa   0x080013aa   0x00000002   Code   RO          860    i.CanSend           can.o
    0x080013ac   0x080013ac   0x00000134   Code   RO         1313    i.CanSend_data      function.o
    0x080014e0   0x080014e0   0x00000024   Code   RO         1485    i.ClearStationToHmi  route.o
    0x08001504   0x08001504   0x00000018   Code   RO         1486    i.ClearStepToHmi    route.o
    0x0800151c   0x0800151c   0x00000030   Code   RO         1314    i.Clear_ReceBuf     function.o
    0x0800154c   0x0800154c   0x0000084e   Code   RO            4    i.Control_task      main.o
    0x08001d9a   0x08001d9a   0x00000002   PAD
    0x08001d9c   0x08001d9c   0x0000007c   Code   RO            5    i.DEMO1_task        main.o
    0x08001e18   0x08001e18   0x00000048   Code   RO            6    i.DEMO2_task        main.o
    0x08001e60   0x08001e60   0x000001b0   Code   RO            7    i.DEMO_task         main.o
    0x08002010   0x08002010   0x00000028   Code   RO          369    i.DMA1_Stream3_IRQHandler  stm32f4xx_it.o
    0x08002038   0x08002038   0x00000038   Code   RO          370    i.DMA1_Stream4_IRQHandler  stm32f4xx_it.o
    0x08002070   0x08002070   0x00000028   Code   RO          371    i.DMA1_Stream6_IRQHandler  stm32f4xx_it.o
    0x08002098   0x08002098   0x0000006c   Code   RO          372    i.DMA2_Stream0_IRQHandler  stm32f4xx_it.o
    0x08002104   0x08002104   0x00000030   Code   RO          373    i.DMA2_Stream7_IRQHandler  stm32f4xx_it.o
    0x08002134   0x08002134   0x00000034   Code   RO         2673    i.DMA_ClearITPendingBit  stm32f4xx_dma.o
    0x08002168   0x08002168   0x00000016   Code   RO         2674    i.DMA_Cmd           stm32f4xx_dma.o
    0x0800217e   0x0800217e   0x00000002   PAD
    0x08002180   0x08002180   0x00000158   Code   RO         2675    i.DMA_DeInit        stm32f4xx_dma.o
    0x080022d8   0x080022d8   0x00000008   Code   RO         2680    i.DMA_GetCurrDataCounter  stm32f4xx_dma.o
    0x080022e0   0x080022e0   0x00000064   Code   RO         2684    i.DMA_GetITStatus   stm32f4xx_dma.o
    0x08002344   0x08002344   0x0000003a   Code   RO         2685    i.DMA_ITConfig      stm32f4xx_dma.o
    0x0800237e   0x0800237e   0x00000002   PAD
    0x08002380   0x08002380   0x00000058   Code   RO         2686    i.DMA_Init          stm32f4xx_dma.o
    0x080023d8   0x080023d8   0x00000004   Code   RO         2689    i.DMA_SetCurrDataCounter  stm32f4xx_dma.o
    0x080023dc   0x080023dc   0x00000108   Code   RO          581    i.DMA_Uart2_Init    dma.o
    0x080024e4   0x080024e4   0x00000108   Code   RO          582    i.DMA_Uart3_Init    dma.o
    0x080025ec   0x080025ec   0x00000108   Code   RO          583    i.DMA_Uart4_Init    dma.o
    0x080026f4   0x080026f4   0x00000108   Code   RO          584    i.DMA_Uart6_Init    dma.o
    0x080027fc   0x080027fc   0x0000009c   Code   RO          585    i.DMA_adc1_Init     dma.o
    0x08002898   0x08002898   0x00000002   Code   RO          374    i.DebugMon_Handler  stm32f4xx_it.o
    0x0800289a   0x0800289a   0x00000002   PAD
    0x0800289c   0x0800289c   0x0000012c   Code   RO         1487    i.DeleteProcessData  route.o
    0x080029c8   0x080029c8   0x000001b4   Code   RO          992    i.FindSpace         cdhdata.o
    0x08002b7c   0x08002b7c   0x00000090   Code   RO         1755    i.GPIO_Init         stm32f4xx_gpio.o
    0x08002c0c   0x08002c0c   0x00000046   Code   RO         1756    i.GPIO_PinAFConfig  stm32f4xx_gpio.o
    0x08002c52   0x08002c52   0x00000004   Code   RO         1762    i.GPIO_ResetBits    stm32f4xx_gpio.o
    0x08002c56   0x08002c56   0x00000004   Code   RO         1763    i.GPIO_SetBits      stm32f4xx_gpio.o
    0x08002c5a   0x08002c5a   0x00000002   PAD
    0x08002c5c   0x08002c5c   0x00000014   Code   RO         1488    i.GetAllParameterFromSystem  route.o
    0x08002c70   0x08002c70   0x000000ec   Code   RO         1490    i.GetProcessData    route.o
    0x08002d5c   0x08002d5c   0x000000d8   Code   RO         1491    i.GetProcessDataFrom  route.o
    0x08002e34   0x08002e34   0x00000028   Code   RO         1492    i.GetProcessStepNum  route.o
    0x08002e5c   0x08002e5c   0x00000054   Code   RO         1493    i.GetRouteData      route.o
    0x08002eb0   0x08002eb0   0x0000003c   Code   RO         1494    i.GetRouteStationNum  route.o
    0x08002eec   0x08002eec   0x0000000a   Code   RO         1316    i.HT                function.o
    0x08002ef6   0x08002ef6   0x00000004   Code   RO          375    i.HardFault_Handler  stm32f4xx_it.o
    0x08002efa   0x08002efa   0x00000034   Code   RO         1317    i.HexToChar         function.o
    0x08002f2e   0x08002f2e   0x00000002   PAD
    0x08002f30   0x08002f30   0x00000044   Code   RO         1495    i.HmiAutoReload     route.o
    0x08002f74   0x08002f74   0x00000010   Code   RO         3820    i.IWDG_Enable       stm32f4xx_iwdg.o
    0x08002f84   0x08002f84   0x00000008   Code   RO         1638    i.IWDG_Feed         iwdg.o
    0x08002f8c   0x08002f8c   0x00000024   Code   RO         1639    i.IWDG_Init         iwdg.o
    0x08002fb0   0x08002fb0   0x00000010   Code   RO         3822    i.IWDG_ReloadCounter  stm32f4xx_iwdg.o
    0x08002fc0   0x08002fc0   0x0000000c   Code   RO         3823    i.IWDG_SetPrescaler  stm32f4xx_iwdg.o
    0x08002fcc   0x08002fcc   0x0000000c   Code   RO         3824    i.IWDG_SetReload    stm32f4xx_iwdg.o
    0x08002fd8   0x08002fd8   0x0000000c   Code   RO         3825    i.IWDG_WriteAccessCmd  stm32f4xx_iwdg.o
    0x08002fe4   0x08002fe4   0x00000108   Code   RO         1496    i.InsertProcessData  route.o
    0x080030ec   0x080030ec   0x0000029c   Code   RO          541    i.LED_Init          led.o
    0x08003388   0x08003388   0x0000005c   Code   RO         1319    i.LiDian_send       function.o
    0x080033e4   0x080033e4   0x00000394   Code   RO            8    i.Manual_task       main.o
    0x08003778   0x08003778   0x00000004   Code   RO          376    i.MemManage_Handler  stm32f4xx_it.o
    0x0800377c   0x0800377c   0x00000012   Code   RO         4321    i.Mem_Clr           lib_mem.o
    0x0800378e   0x0800378e   0x00000054   Code   RO         4337    i.Mem_Set           lib_mem.o
    0x080037e2   0x080037e2   0x00000002   PAD
    0x080037e4   0x080037e4   0x00000024   Code   RO         1320    i.Moter_EnableAll   function.o
    0x08003808   0x08003808   0x000000a8   Code   RO         1321    i.MotoStop          function.o
    0x080038b0   0x080038b0   0x00000074   Code   RO         1322    i.Motor_Fzhuan      function.o
    0x08003924   0x08003924   0x00000054   Code   RO         1323    i.Motor_SetVul      function.o
    0x08003978   0x08003978   0x00000074   Code   RO         1324    i.Motor_Zzhuan      function.o
    0x080039ec   0x080039ec   0x00000002   Code   RO          377    i.NMI_Handler       stm32f4xx_it.o
    0x080039ee   0x080039ee   0x00000002   PAD
    0x080039f0   0x080039f0   0x00000078   Code   RO         1710    i.NVIC_Init         misc.o
    0x08003a68   0x08003a68   0x00000014   Code   RO         1711    i.NVIC_PriorityGroupConfig  misc.o
    0x08003a7c   0x08003a7c   0x000000fc   Code   RO         4590    i.OSCfg_Init        os_cfg_app.o
    0x08003b78   0x08003b78   0x00000014   Code   RO         5707    i.OSIdleTaskHook    os_cpu_c.o
    0x08003b8c   0x08003b8c   0x0000018c   Code   RO         4613    i.OSInit            os_core.o
    0x08003d18   0x08003d18   0x00000028   Code   RO         5708    i.OSInitHook        os_cpu_c.o
    0x08003d40   0x08003d40   0x0000002c   Code   RO         4614    i.OSIntEnter        os_core.o
    0x08003d6c   0x08003d6c   0x000000dc   Code   RO         4615    i.OSIntExit         os_core.o
    0x08003e48   0x08003e48   0x000000a0   Code   RO         4616    i.OSSched           os_core.o
    0x08003ee8   0x08003ee8   0x00000074   Code   RO         4617    i.OSSchedLock       os_core.o
    0x08003f5c   0x08003f5c   0x00000064   Code   RO         4618    i.OSSchedRoundRobinCfg  os_core.o
    0x08003fc0   0x08003fc0   0x00000094   Code   RO         4620    i.OSSchedUnlock     os_core.o
    0x08004054   0x08004054   0x00000068   Code   RO         4621    i.OSStart           os_core.o
    0x080040bc   0x080040bc   0x00000138   Code   RO         5313    i.OSStatReset       os_stat.o
    0x080041f4   0x080041f4   0x000000f0   Code   RO         5314    i.OSStatTaskCPUUsageInit  os_stat.o
    0x080042e4   0x080042e4   0x00000014   Code   RO         5709    i.OSStatTaskHook    os_cpu_c.o
    0x080042f8   0x080042f8   0x0000025c   Code   RO         5344    i.OSTaskCreate      os_task.o
    0x08004554   0x08004554   0x00000018   Code   RO         5710    i.OSTaskCreateHook  os_cpu_c.o
    0x0800456c   0x0800456c   0x000001c4   Code   RO         5345    i.OSTaskDel         os_task.o
    0x08004730   0x08004730   0x00000018   Code   RO         5711    i.OSTaskDelHook     os_cpu_c.o
    0x08004748   0x08004748   0x0000007c   Code   RO         5353    i.OSTaskResume      os_task.o
    0x080047c4   0x080047c4   0x00000018   Code   RO         5712    i.OSTaskReturnHook  os_cpu_c.o
    0x080047dc   0x080047dc   0x00000214   Code   RO         5354    i.OSTaskSemPend     os_task.o
    0x080049f0   0x080049f0   0x000000d4   Code   RO         5358    i.OSTaskStkChk      os_task.o
    0x08004ac4   0x08004ac4   0x0000025c   Code   RO         5713    i.OSTaskStkInit     os_cpu_c.o
    0x08004d20   0x08004d20   0x00000060   Code   RO         5359    i.OSTaskSuspend     os_task.o
    0x08004d80   0x08004d80   0x00000088   Code   RO         5714    i.OSTaskSwHook      os_cpu_c.o
    0x08004e08   0x08004e08   0x00000118   Code   RO         5559    i.OSTimeDly         os_time.o
    0x08004f20   0x08004f20   0x000001f0   Code   RO         5560    i.OSTimeDlyHMSM     os_time.o
    0x08005110   0x08005110   0x00000044   Code   RO         5564    i.OSTimeTick        os_time.o
    0x08005154   0x08005154   0x00000014   Code   RO         5715    i.OSTimeTickHook    os_cpu_c.o
    0x08005168   0x08005168   0x000001b0   Code   RO         4859    i.OS_Dbg_Init       os_dbg.o
    0x08005318   0x08005318   0x00000018   Code   RO         4884    i.OS_FlagInit       os_flag.o
    0x08005330   0x08005330   0x00000230   Code   RO         4885    i.OS_FlagPost       os_flag.o
    0x08005560   0x08005560   0x00000056   Code   RO         4886    i.OS_FlagTaskRdy    os_flag.o
    0x080055b6   0x080055b6   0x00000002   PAD
    0x080055b8   0x080055b8   0x00000044   Code   RO         4623    i.OS_IdleTask       os_core.o
    0x080055fc   0x080055fc   0x00000070   Code   RO         4624    i.OS_IdleTaskInit   os_core.o
    0x0800566c   0x0800566c   0x000000fc   Code   RO         4958    i.OS_IntQPost       os_int.o
    0x08005768   0x08005768   0x000001a4   Code   RO         4959    i.OS_IntQRePost     os_int.o
    0x0800590c   0x0800590c   0x000000b4   Code   RO         4960    i.OS_IntQTask       os_int.o
    0x080059c0   0x080059c0   0x00000128   Code   RO         4961    i.OS_IntQTaskInit   os_int.o
    0x08005ae8   0x08005ae8   0x00000018   Code   RO         4992    i.OS_MemInit        os_mem.o
    0x08005b00   0x08005b00   0x00000036   Code   RO         5024    i.OS_MsgPoolCreate  os_msg.o
    0x08005b36   0x08005b36   0x00000002   PAD
    0x08005b38   0x08005b38   0x00000054   Code   RO         5025    i.OS_MsgPoolInit    os_msg.o
    0x08005b8c   0x08005b8c   0x00000044   Code   RO         5026    i.OS_MsgQFreeAll    os_msg.o
    0x08005bd0   0x08005bd0   0x0000000e   Code   RO         5028    i.OS_MsgQInit       os_msg.o
    0x08005bde   0x08005bde   0x00000002   PAD
    0x08005be0   0x08005be0   0x000000fc   Code   RO         5029    i.OS_MsgQPut        os_msg.o
    0x08005cdc   0x08005cdc   0x00000018   Code   RO         5074    i.OS_MutexInit      os_mutex.o
    0x08005cf4   0x08005cf4   0x00000068   Code   RO         4625    i.OS_Pend           os_core.o
    0x08005d5c   0x08005d5c   0x00000026   Code   RO         4628    i.OS_PendDataInit   os_core.o
    0x08005d82   0x08005d82   0x00000002   PAD
    0x08005d84   0x08005d84   0x0000005c   Code   RO         4629    i.OS_PendDbgNameAdd  os_core.o
    0x08005de0   0x08005de0   0x00000024   Code   RO         4630    i.OS_PendDbgNameRemove  os_core.o
    0x08005e04   0x08005e04   0x00000066   Code   RO         4634    i.OS_PendListInsertPrio  os_core.o
    0x08005e6a   0x08005e6a   0x00000030   Code   RO         4635    i.OS_PendListRemove  os_core.o
    0x08005e9a   0x08005e9a   0x00000042   Code   RO         4636    i.OS_PendListRemove1  os_core.o
    0x08005edc   0x08005edc   0x000000c0   Code   RO         4639    i.OS_Post           os_core.o
    0x08005f9c   0x08005f9c   0x0000002a   Code   RO         4640    i.OS_Post1          os_core.o
    0x08005fc6   0x08005fc6   0x00000002   PAD
    0x08005fc8   0x08005fc8   0x00000028   Code   RO         5132    i.OS_PrioGetHighest  os_prio.o
    0x08005ff0   0x08005ff0   0x00000018   Code   RO         5133    i.OS_PrioInit       os_prio.o
    0x08006008   0x08006008   0x00000024   Code   RO         5134    i.OS_PrioInsert     os_prio.o
    0x0800602c   0x0800602c   0x00000024   Code   RO         5135    i.OS_PrioRemove     os_prio.o
    0x08006050   0x08006050   0x00000018   Code   RO         5178    i.OS_QInit          os_q.o
    0x08006068   0x08006068   0x0000014c   Code   RO         5179    i.OS_QPost          os_q.o
    0x080061b4   0x080061b4   0x00000024   Code   RO         4641    i.OS_RdyListInit    os_core.o
    0x080061d8   0x080061d8   0x0000002c   Code   RO         4642    i.OS_RdyListInsert  os_core.o
    0x08006204   0x08006204   0x00000040   Code   RO         4643    i.OS_RdyListInsertHead  os_core.o
    0x08006244   0x08006244   0x0000003c   Code   RO         4644    i.OS_RdyListInsertTail  os_core.o
    0x08006280   0x08006280   0x00000044   Code   RO         4645    i.OS_RdyListMoveHeadToTail  os_core.o
    0x080062c4   0x080062c4   0x0000005c   Code   RO         4646    i.OS_RdyListRemove  os_core.o
    0x08006320   0x08006320   0x00000054   Code   RO         4647    i.OS_Sched0         os_core.o
    0x08006374   0x08006374   0x0000001c   Code   RO         4648    i.OS_SchedLockTimeMeasStart  os_core.o
    0x08006390   0x08006390   0x0000003c   Code   RO         4649    i.OS_SchedLockTimeMeasStop  os_core.o
    0x080063cc   0x080063cc   0x000000d0   Code   RO         4650    i.OS_SchedRoundRobin  os_core.o
    0x0800649c   0x0800649c   0x00000018   Code   RO         5250    i.OS_SemInit        os_sem.o
    0x080064b4   0x080064b4   0x00000164   Code   RO         5251    i.OS_SemPost        os_sem.o
    0x08006618   0x08006618   0x0000035c   Code   RO         5315    i.OS_StatTask       os_stat.o
    0x08006974   0x08006974   0x000000cc   Code   RO         5316    i.OS_StatTaskInit   os_stat.o
    0x08006a40   0x08006a40   0x00000038   Code   RO         4651    i.OS_TaskBlock      os_core.o
    0x08006a78   0x08006a78   0x00000030   Code   RO         5361    i.OS_TaskDbgListAdd  os_task.o
    0x08006aa8   0x08006aa8   0x00000044   Code   RO         5362    i.OS_TaskDbgListRemove  os_task.o
    0x08006aec   0x08006aec   0x00000020   Code   RO         5363    i.OS_TaskInit       os_task.o
    0x08006b0c   0x08006b0c   0x000000c8   Code   RO         5364    i.OS_TaskInitTCB    os_task.o
    0x08006bd4   0x08006bd4   0x0000020c   Code   RO         5365    i.OS_TaskQPost      os_task.o
    0x08006de0   0x08006de0   0x0000001c   Code   RO         4652    i.OS_TaskRdy        os_core.o
    0x08006dfc   0x08006dfc   0x00000140   Code   RO         5366    i.OS_TaskResume     os_task.o
    0x08006f3c   0x08006f3c   0x00000018   Code   RO         5367    i.OS_TaskReturn     os_task.o
    0x08006f54   0x08006f54   0x000004c4   Code   RO         5368    i.OS_TaskSemPost    os_task.o
    0x08007418   0x08007418   0x00000150   Code   RO         5369    i.OS_TaskSuspend    os_task.o
    0x08007568   0x08007568   0x00000028   Code   RO         5511    i.OS_TickListInit   os_tick.o
    0x08007590   0x08007590   0x000001bc   Code   RO         5512    i.OS_TickListInsert  os_tick.o
    0x0800774c   0x0800774c   0x00000038   Code   RO         5513    i.OS_TickListRemove  os_tick.o
    0x08007784   0x08007784   0x00000024   Code   RO         5514    i.OS_TickListResetPeak  os_tick.o
    0x080077a8   0x080077a8   0x000001f8   Code   RO         5515    i.OS_TickListUpdate  os_tick.o
    0x080079a0   0x080079a0   0x0000002c   Code   RO         5516    i.OS_TickTask       os_tick.o
    0x080079cc   0x080079cc   0x000000b8   Code   RO         5517    i.OS_TickTaskInit   os_tick.o
    0x08007a84   0x08007a84   0x00000128   Code   RO         5610    i.OS_TmrInit        os_tmr.o
    0x08007bac   0x08007bac   0x000000d0   Code   RO         5611    i.OS_TmrLink        os_tmr.o
    0x08007c7c   0x08007c7c   0x00000024   Code   RO         5612    i.OS_TmrResetPeak   os_tmr.o
    0x08007ca0   0x08007ca0   0x000000c0   Code   RO         5613    i.OS_TmrTask        os_tmr.o
    0x08007d60   0x08007d60   0x00000050   Code   RO         5614    i.OS_TmrUnlink      os_tmr.o
    0x08007db0   0x08007db0   0x0000037c   Code   RO         1325    i.PID_Adjust        function.o
    0x0800812c   0x0800812c   0x00000050   Code   RO         1113    i.PID_Init          pid.o
    0x0800817c   0x0800817c   0x0000006c   Code   RO            9    i.PID_task          main.o
    0x080081e8   0x080081e8   0x00000060   Code   RO         1114    i.PosPIDCalc        pid.o
    0x08008248   0x08008248   0x0000003c   Code   RO         1245    i.PrintCom          xf.o
    0x08008284   0x08008284   0x0000000a   Code   RO         1326    i.QJ                function.o
    0x0800828e   0x0800828e   0x00000002   PAD
    0x08008290   0x08008290   0x00000020   Code   RO         1852    i.RCC_AHB1PeriphClockCmd  stm32f4xx_rcc.o
    0x080082b0   0x080082b0   0x00000020   Code   RO         1861    i.RCC_APB1PeriphClockCmd  stm32f4xx_rcc.o
    0x080082d0   0x080082d0   0x00000020   Code   RO         1863    i.RCC_APB1PeriphResetCmd  stm32f4xx_rcc.o
    0x080082f0   0x080082f0   0x00000020   Code   RO         1864    i.RCC_APB2PeriphClockCmd  stm32f4xx_rcc.o
    0x08008310   0x08008310   0x000000e8   Code   RO         1873    i.RCC_GetClocksFreq  stm32f4xx_rcc.o
    0x080083f8   0x080083f8   0x000000fc   Code   RO         1027    i.Recirve_01        modbus_slave.o
    0x080084f4   0x080084f4   0x0000013c   Code   RO         1028    i.Recirve_02        modbus_slave.o
    0x08008630   0x08008630   0x000000bc   Code   RO         1029    i.Recirve_03        modbus_slave.o
    0x080086ec   0x080086ec   0x000000f8   Code   RO         1030    i.Recirve_04        modbus_slave.o
    0x080087e4   0x080087e4   0x00000088   Code   RO         1031    i.Recirve_05        modbus_slave.o
    0x0800886c   0x0800886c   0x0000009c   Code   RO         1032    i.Recirve_06        modbus_slave.o
    0x08008908   0x08008908   0x000000b8   Code   RO         1033    i.Recirve_10        modbus_slave.o
    0x080089c0   0x080089c0   0x000000c0   Code   RO          788    i.SPI2_Init         spi.o
    0x08008a80   0x08008a80   0x00000054   Code   RO          789    i.SPI2_ReadWriteByte  spi.o
    0x08008ad4   0x08008ad4   0x00000028   Code   RO          790    i.SPI2_SetSpeed     spi.o
    0x08008afc   0x08008afc   0x00000018   Code   RO         3499    i.SPI_Cmd           stm32f4xx_spi.o
    0x08008b14   0x08008b14   0x00000012   Code   RO         3507    i.SPI_I2S_GetFlagStatus  stm32f4xx_spi.o
    0x08008b26   0x08008b26   0x00000006   Code   RO         3510    i.SPI_I2S_ReceiveData  stm32f4xx_spi.o
    0x08008b2c   0x08008b2c   0x00000004   Code   RO         3511    i.SPI_I2S_SendData  stm32f4xx_spi.o
    0x08008b30   0x08008b30   0x0000003c   Code   RO         3512    i.SPI_Init          stm32f4xx_spi.o
    0x08008b6c   0x08008b6c   0x00000002   Code   RO          378    i.SVC_Handler       stm32f4xx_it.o
    0x08008b6e   0x08008b6e   0x00000002   PAD
    0x08008b70   0x08008b70   0x00000bd4   Code   RO           10    i.Screen_task       main.o
    0x08009744   0x08009744   0x00000014   Code   RO         1497    i.SetAllParameterToSystem  route.o
    0x08009758   0x08009758   0x00000014   Code   RO         1498    i.SetAllStationNum  route.o
    0x0800976c   0x0800976c   0x00000018   Code   RO         1499    i.SetAllStepNum     route.o
    0x08009784   0x08009784   0x00000014   Code   RO         1500    i.SetOneParameterToSystem  route.o
    0x08009798   0x08009798   0x000000c8   Code   RO         1501    i.SetProcessData    route.o
    0x08009860   0x08009860   0x00000068   Code   RO         1664    i.SetProcessData_pc  read.o
    0x080098c8   0x080098c8   0x00000070   Code   RO         1502    i.SetRouteData      route.o
    0x08009938   0x08009938   0x00000058   Code   RO         1665    i.SetRouteData_pc   read.o
    0x08009990   0x08009990   0x00000060   Code   RO         1503    i.SetStationData    route.o
    0x080099f0   0x080099f0   0x000000ec   Code   RO          482    i.SetSysClock       system_stm32f4xx.o
    0x08009adc   0x08009adc   0x00000c08   Code   RO         1327    i.StationAction     function.o
    0x0800a6e4   0x0800a6e4   0x00000028   Code   RO         1714    i.SysTick_CLKSourceConfig  misc.o
    0x0800a70c   0x0800a70c   0x0000001c   Code   RO         3870    i.SysTick_Handler   delay.o
    0x0800a728   0x0800a728   0x00000068   Code   RO          484    i.SystemInit        system_stm32f4xx.o
    0x0800a790   0x0800a790   0x0000003a   Code   RO         2931    i.TI1_Config        stm32f4xx_tim.o
    0x0800a7ca   0x0800a7ca   0x00000050   Code   RO         2932    i.TI2_Config        stm32f4xx_tim.o
    0x0800a81a   0x0800a81a   0x00000048   Code   RO         2933    i.TI3_Config        stm32f4xx_tim.o
    0x0800a862   0x0800a862   0x00000050   Code   RO         2934    i.TI4_Config        stm32f4xx_tim.o
    0x0800a8b2   0x0800a8b2   0x00000002   PAD
    0x0800a8b4   0x0800a8b4   0x00000048   Code   RO          960    i.TIM1_BRK_TIM9_IRQHandler  capcount9.o
    0x0800a8fc   0x0800a8fc   0x0000006c   Code   RO          820    i.TIM2_IRQHandler   timer2.o
    0x0800a968   0x0800a968   0x0000005a   Code   RO          821    i.TIM2_Int_Init     timer2.o
    0x0800a9c2   0x0800a9c2   0x00000002   PAD
    0x0800a9c4   0x0800a9c4   0x000000f0   Code   RO          928    i.TIM3_CH1_Cap_Init1  capcount3.o
    0x0800aab4   0x0800aab4   0x00000048   Code   RO          929    i.TIM3_IRQHandler   capcount3.o
    0x0800aafc   0x0800aafc   0x0000013c   Code   RO          652    i.TIM4_PWM_Init     pwm.o
    0x0800ac38   0x0800ac38   0x000000f0   Code   RO          961    i.TIM9_CH1_Cap_Init1  capcount9.o
    0x0800ad28   0x0800ad28   0x00000018   Code   RO         2935    i.TIM_ARRPreloadConfig  stm32f4xx_tim.o
    0x0800ad40   0x0800ad40   0x00000006   Code   RO         2942    i.TIM_ClearITPendingBit  stm32f4xx_tim.o
    0x0800ad46   0x0800ad46   0x00000018   Code   RO         2947    i.TIM_Cmd           stm32f4xx_tim.o
    0x0800ad5e   0x0800ad5e   0x00000022   Code   RO         2968    i.TIM_GetITStatus   stm32f4xx_tim.o
    0x0800ad80   0x0800ad80   0x0000006e   Code   RO         2970    i.TIM_ICInit        stm32f4xx_tim.o
    0x0800adee   0x0800adee   0x00000012   Code   RO         2972    i.TIM_ITConfig      stm32f4xx_tim.o
    0x0800ae00   0x0800ae00   0x0000007c   Code   RO         2976    i.TIM_OC1Init       stm32f4xx_tim.o
    0x0800ae7c   0x0800ae7c   0x00000012   Code   RO         2979    i.TIM_OC1PreloadConfig  stm32f4xx_tim.o
    0x0800ae8e   0x0800ae8e   0x00000002   PAD
    0x0800ae90   0x0800ae90   0x000000a4   Code   RO         2981    i.TIM_OC2Init       stm32f4xx_tim.o
    0x0800af34   0x0800af34   0x0000001a   Code   RO         2984    i.TIM_OC2PreloadConfig  stm32f4xx_tim.o
    0x0800af4e   0x0800af4e   0x00000002   PAD
    0x0800af50   0x0800af50   0x000000a0   Code   RO         2986    i.TIM_OC3Init       stm32f4xx_tim.o
    0x0800aff0   0x0800aff0   0x00000012   Code   RO         2989    i.TIM_OC3PreloadConfig  stm32f4xx_tim.o
    0x0800b002   0x0800b002   0x00000002   PAD
    0x0800b004   0x0800b004   0x00000078   Code   RO         2991    i.TIM_OC4Init       stm32f4xx_tim.o
    0x0800b07c   0x0800b07c   0x0000001a   Code   RO         2993    i.TIM_OC4PreloadConfig  stm32f4xx_tim.o
    0x0800b096   0x0800b096   0x00000004   Code   RO         3009    i.TIM_SetCompare1   stm32f4xx_tim.o
    0x0800b09a   0x0800b09a   0x00000004   Code   RO         3010    i.TIM_SetCompare2   stm32f4xx_tim.o
    0x0800b09e   0x0800b09e   0x00000004   Code   RO         3011    i.TIM_SetCompare3   stm32f4xx_tim.o
    0x0800b0a2   0x0800b0a2   0x00000004   Code   RO         3012    i.TIM_SetCompare4   stm32f4xx_tim.o
    0x0800b0a6   0x0800b0a6   0x00000012   Code   RO         3014    i.TIM_SetIC1Prescaler  stm32f4xx_tim.o
    0x0800b0b8   0x0800b0b8   0x0000001a   Code   RO         3015    i.TIM_SetIC2Prescaler  stm32f4xx_tim.o
    0x0800b0d2   0x0800b0d2   0x00000012   Code   RO         3016    i.TIM_SetIC3Prescaler  stm32f4xx_tim.o
    0x0800b0e4   0x0800b0e4   0x0000001a   Code   RO         3017    i.TIM_SetIC4Prescaler  stm32f4xx_tim.o
    0x0800b0fe   0x0800b0fe   0x00000002   PAD
    0x0800b100   0x0800b100   0x00000084   Code   RO         3019    i.TIM_TimeBaseInit  stm32f4xx_tim.o
    0x0800b184   0x0800b184   0x000001f4   Code   RO           11    i.Task5_task        main.o
    0x0800b378   0x0800b378   0x000000d4   Code   RO           12    i.Transducer_task   main.o
    0x0800b44c   0x0800b44c   0x000000c0   Code   RO          379    i.UART4_IRQHandler  stm32f4xx_it.o
    0x0800b50c   0x0800b50c   0x0000008c   Code   RO         1182    i.USART1_Configuration  usart.o
    0x0800b598   0x0800b598   0x000000c8   Code   RO         1183    i.USART2_Configuration  usart.o
    0x0800b660   0x0800b660   0x000000f0   Code   RO          380    i.USART2_IRQHandler  stm32f4xx_it.o
    0x0800b750   0x0800b750   0x000000d0   Code   RO         1184    i.USART3_Configuration  usart.o
    0x0800b820   0x0800b820   0x00000138   Code   RO          381    i.USART3_IRQHandler  stm32f4xx_it.o
    0x0800b958   0x0800b958   0x000000ec   Code   RO         1185    i.USART4_Configuration  usart.o
    0x0800ba44   0x0800ba44   0x000000c8   Code   RO         1186    i.USART6_Configuration  usart.o
    0x0800bb0c   0x0800bb0c   0x0000005c   Code   RO          382    i.USART6_IRQHandler  stm32f4xx_it.o
    0x0800bb68   0x0800bb68   0x00000012   Code   RO         2242    i.USART_ClearFlag   stm32f4xx_usart.o
    0x0800bb7a   0x0800bb7a   0x0000001e   Code   RO         2243    i.USART_ClearITPendingBit  stm32f4xx_usart.o
    0x0800bb98   0x0800bb98   0x00000018   Code   RO         2246    i.USART_Cmd         stm32f4xx_usart.o
    0x0800bbb0   0x0800bbb0   0x00000012   Code   RO         2247    i.USART_DMACmd      stm32f4xx_usart.o
    0x0800bbc2   0x0800bbc2   0x0000001a   Code   RO         2249    i.USART_GetFlagStatus  stm32f4xx_usart.o
    0x0800bbdc   0x0800bbdc   0x00000054   Code   RO         2250    i.USART_GetITStatus  stm32f4xx_usart.o
    0x0800bc30   0x0800bc30   0x0000004a   Code   RO         2252    i.USART_ITConfig    stm32f4xx_usart.o
    0x0800bc7a   0x0800bc7a   0x00000002   PAD
    0x0800bc7c   0x0800bc7c   0x000000d4   Code   RO         2253    i.USART_Init        stm32f4xx_usart.o
    0x0800bd50   0x0800bd50   0x00000008   Code   RO         2263    i.USART_SendData    stm32f4xx_usart.o
    0x0800bd58   0x0800bd58   0x0000001c   Code   RO          586    i.Uart3_Start_DMA_Tx  dma.o
    0x0800bd74   0x0800bd74   0x00000028   Code   RO          587    i.Uart4_Start_DMA_Tx  dma.o
    0x0800bd9c   0x0800bd9c   0x0000001c   Code   RO          588    i.Uart6_Start_DMA_Tx  dma.o
    0x0800bdb8   0x0800bdb8   0x00000058   Code   RO         1504    i.UpdataProcessToHmi  route.o
    0x0800be10   0x0800be10   0x000000d4   Code   RO         1505    i.UpdataStationToHmi  route.o
    0x0800bee4   0x0800bee4   0x000000b0   Code   RO         1506    i.UpdataStationToNow  route.o
    0x0800bf94   0x0800bf94   0x00000004   Code   RO          383    i.UsageFault_Handler  stm32f4xx_it.o
    0x0800bf98   0x0800bf98   0x00000350   Code   RO         1328    i.UserConfigInit    function.o
    0x0800c2e8   0x0800c2e8   0x00000048   Code   RO          678    i.W25QXX_Erase_Sector  w25qxx.o
    0x0800c330   0x0800c330   0x00000060   Code   RO          679    i.W25QXX_Init       w25qxx.o
    0x0800c390   0x0800c390   0x00000050   Code   RO          680    i.W25QXX_Read       w25qxx.o
    0x0800c3e0   0x0800c3e0   0x00000048   Code   RO          681    i.W25QXX_ReadID     w25qxx.o
    0x0800c428   0x0800c428   0x0000002c   Code   RO          682    i.W25QXX_ReadSR     w25qxx.o
    0x0800c454   0x0800c454   0x00000048   Code   RO          683    i.W25QXX_Read_16    w25qxx.o
    0x0800c49c   0x0800c49c   0x00000012   Code   RO          684    i.W25QXX_Wait_Busy  w25qxx.o
    0x0800c4ae   0x0800c4ae   0x00000002   PAD
    0x0800c4b0   0x0800c4b0   0x000000b8   Code   RO          685    i.W25QXX_Write      w25qxx.o
    0x0800c568   0x0800c568   0x0000004c   Code   RO          686    i.W25QXX_Write_16   w25qxx.o
    0x0800c5b4   0x0800c5b4   0x00000020   Code   RO          688    i.W25QXX_Write_Enable  w25qxx.o
    0x0800c5d4   0x0800c5d4   0x00000046   Code   RO          689    i.W25QXX_Write_NoCheck  w25qxx.o
    0x0800c61a   0x0800c61a   0x00000002   PAD
    0x0800c61c   0x0800c61c   0x00000054   Code   RO          690    i.W25QXX_Write_Page  w25qxx.o
    0x0800c670   0x0800c670   0x000000e0   Code   RO           13    i.WIFI_task         main.o
    0x0800c750   0x0800c750   0x00000038   Code   RO         1329    i.YX                function.o
    0x0800c788   0x0800c788   0x00000038   Code   RO         1330    i.YY                function.o
    0x0800c7c0   0x0800c7c0   0x00000038   Code   RO         1331    i.ZX                function.o
    0x0800c7f8   0x0800c7f8   0x00000038   Code   RO         1332    i.ZY                function.o
    0x0800c830   0x0800c830   0x00000004   Code   RO         1187    i._sys_exit         usart.o
    0x0800c834   0x0800c834   0x000009fc   Code   RO         1666    i.data_Parameterreceive  read.o
    0x0800d230   0x0800d230   0x00000020   Code   RO         1333    i.delay             function.o
    0x0800d250   0x0800d250   0x00000070   Code   RO         3871    i.delay_init        delay.o
    0x0800d2c0   0x0800d2c0   0x00000050   Code   RO         3872    i.delay_ms          delay.o
    0x0800d310   0x0800d310   0x0000000a   Code   RO         3873    i.delay_osschedlock  delay.o
    0x0800d31a   0x0800d31a   0x0000000a   Code   RO         3874    i.delay_osschedunlock  delay.o
    0x0800d324   0x0800d324   0x00000010   Code   RO         3875    i.delay_ostimedly   delay.o
    0x0800d334   0x0800d334   0x00000058   Code   RO         3876    i.delay_us          delay.o
    0x0800d38c   0x0800d38c   0x00000094   Code   RO         1034    i.errorsend         modbus_slave.o
    0x0800d420   0x0800d420   0x00000270   Code   RO           14    i.float_task        main.o
    0x0800d690   0x0800d690   0x000001a8   Code   RO           15    i.main              main.o
    0x0800d838   0x0800d838   0x00000018   Code   RO         3877    i.osdelay_ms        delay.o
    0x0800d850   0x0800d850   0x00000010   Code   RO         1035    i.send_comm         modbus_slave.o
    0x0800d860   0x0800d860   0x00000046   Code   RO         1249    i.speek             xf.o
    0x0800d8a6   0x0800d8a6   0x00000002   PAD
    0x0800d8a8   0x0800d8a8   0x00000070   Code   RO         1334    i.start             function.o
    0x0800d918   0x0800d918   0x00000428   Code   RO           16    i.start_task        main.o
    0x0800dd40   0x0800dd40   0x0000001c   Code   RO         1335    i.stop              function.o
    0x0800dd5c   0x0800dd5c   0x00000088   Code   RO         1250    i.yinling           xf.o
    0x0800dde4   0x0800dde4   0x00000062   Code   RO         5884    x$fpl$d2f           fz_wm.l(d2f.o)
    0x0800de46   0x0800de46   0x00000002   PAD
    0x0800de48   0x0800de48   0x000002b0   Code   RO         5887    x$fpl$ddiv          fz_wm.l(ddiv.o)
    0x0800e0f8   0x0800e0f8   0x0000002e   Code   RO         5895    x$fpl$dflt          fz_wm.l(dflt_clz.o)
    0x0800e126   0x0800e126   0x00000026   Code   RO         5894    x$fpl$dfltu         fz_wm.l(dflt_clz.o)
    0x0800e14c   0x0800e14c   0x0000009c   Code   RO         6000    x$fpl$dnaninf       fz_wm.l(dnaninf.o)
    0x0800e1e8   0x0800e1e8   0x0000000c   Code   RO         6002    x$fpl$dretinf       fz_wm.l(dretinf.o)
    0x0800e1f4   0x0800e1f4   0x0000000a   Code   RO         6179    x$fpl$fpinit        fz_wm.l(fpinit.o)
    0x0800e1fe   0x0800e1fe   0x0000000a   Code   RO         6004    x$fpl$fretinf       fz_wm.l(fretinf.o)
    0x0800e208   0x0800e208   0x00000000   Code   RO         6014    x$fpl$usenofp       fz_wm.l(usenofp.o)
    0x0800e208   0x0800e208   0x000000a4   Data   RO         4592    .constdata          os_cfg_app.o
    0x0800e2ac   0x0800e2ac   0x0000016c   Data   RO         4860    .constdata          os_dbg.o
    0x0800e418   0x0800e418   0x00000020   Data   RO         6233    Region$$Table       anon$$obj.o


    Execution Region RW_IRAM1 (Exec base: 0x20000000, Load base: 0x0800e438, Size: 0x0000e7b8, Max: 0x00020000, ABSOLUTE, COMPRESSED[0x000000c8])

    Exec Addr    Load Addr    Size         Type   Attr      Idx    E Section Name        Object

    0x20000000   COMPRESSED   0x00000002   Data   RW           18    .data               main.o
    0x20000002   COMPRESSED   0x00000004   Data   RW          590    .data               dma.o
    0x20000006   COMPRESSED   0x00000002   Data   RW          693    .data               w25qxx.o
    0x20000008   COMPRESSED   0x00000010   Data   RW          822    .data               timer2.o
    0x20000018   COMPRESSED   0x00000020   Data   RW          862    .data               can.o
    0x20000038   COMPRESSED   0x00000008   Data   RW          930    .data               capcount3.o
    0x20000040   COMPRESSED   0x00000008   Data   RW          962    .data               capcount9.o
    0x20000048   COMPRESSED   0x00000004   Data   RW         1037    .data               modbus_slave.o
    0x2000004c   COMPRESSED   0x0000015d   Data   RW         1253    .data               xf.o
    0x200001a9   COMPRESSED   0x00000003   PAD
    0x200001ac   COMPRESSED   0x0000003c   Data   RW         1338    .data               function.o
    0x200001e8   COMPRESSED   0x00000008   Data   RW         1508    .data               route.o
    0x200001f0   COMPRESSED   0x0000001c   Data   RW         1668    .data               read.o
    0x2000020c   COMPRESSED   0x00000010   Data   RW         1905    .data               stm32f4xx_rcc.o
    0x2000021c   COMPRESSED   0x00000004   Data   RW         3879    .data               delay.o
    0x20000220   COMPRESSED   0x00000004   Data   RW         4066    .data               cpu_core.o
    0x20000224   COMPRESSED   0x00000008   Data   RW         5136    .data               os_prio.o
    0x2000022c   COMPRESSED   0x000000c8   Data   RW         5692    .data               os_var.o
    0x200002f4   COMPRESSED   0x00000004   Data   RW         5718    .data               os_cpu_c.o
    0x200002f8        -       0x000071f4   Zero   RW           17    .bss                main.o
    0x200074ec   COMPRESSED   0x00000004   PAD
    0x200074f0        -       0x000007b0   Zero   RW          589    .bss                dma.o
    0x20007ca0        -       0x00001fa0   Zero   RW          692    .bss                w25qxx.o
    0x20009c40        -       0x00000014   Zero   RW          861    .bss                can.o
    0x20009c54        -       0x0000008c   Zero   RW          994    .bss                cdhdata.o
    0x20009ce0        -       0x000001c0   Zero   RW         1036    .bss                modbus_slave.o
    0x20009ea0        -       0x00000020   Zero   RW         1115    .bss                pid.o
    0x20009ec0        -       0x00000071   Zero   RW         1337    .bss                function.o
    0x20009f31   COMPRESSED   0x00000001   PAD
    0x20009f32        -       0x00001aba   Zero   RW         1507    .bss                route.o
    0x2000b9ec        -       0x000003e8   Zero   RW         1667    .bss                read.o
    0x2000bdd4        -       0x00000010   Zero   RW         4064    .bss                cpu_core.o
    0x2000bde4        -       0x00001490   Zero   RW         4591    .bss                os_cfg_app.o
    0x2000d274        -       0x000006e0   Zero   RW         5691    .bss                os_var.o
    0x2000d954        -       0x00000060   Zero   RW         6106    .bss                c_w.l(libspace.o)
    0x2000d9b4   COMPRESSED   0x00000004   PAD
    0x2000d9b8        -       0x00000200   Zero   RW         1702    HEAP                startup_stm32f40_41xxx.o
    0x2000dbb8        -       0x00000c00   Zero   RW         1701    STACK               startup_stm32f40_41xxx.o


==============================================================================

Image component sizes


      Code (inc. data)   RO Data    RW Data    ZI Data      Debug   Object Name

       176          8          0          0          0        685   adc.o
        78         14          0          0          0       1558   bsp.o
      1022         78          0         32         20       5272   can.o
       312         22          0          8          0       1645   capcount3.o
       312         22          0          8          0       1662   capcount9.o
       436          4          0          0        140       2318   cdhdata.o
        52          0          0          0          0        316   cpu_a.o
       100         18          0          4         16      12105   cpu_core.o
       368         40          0          4          0       4554   delay.o
      1308         98          0          4       1968       6406   dma.o
      6256        304          0         60        113      16544   function.o
        44          0          0          0          0       1040   iwdg.o
       668         86          0          0          0        927   led.o
       102          0          0          0          0       1792   lib_mem.o
     10042        914          0          2      29172     378585   main.o
       180         24          0          0          0       2249   misc.o
      1966        180          0          4        448      10055   modbus_slave.o
       252        166        164          0       5264      20866   os_cfg_app.o
      3016        412          0          0          0      21012   os_core.o
       172         32          0          0          0        384   os_cpu_a.o
       912         56          0          4          0       7024   os_cpu_c.o
       432        286        364          0          0       4737   os_dbg.o
       670         26          0          0          0       3045   os_flag.o
      1148        204          0          0          0       3498   os_int.o
        24         10          0          0          0        857   os_mem.o
       472         26          0          0          0       3772   os_msg.o
        24         10          0          0          0        859   os_mutex.o
       136         16          0          8          0       2826   os_prio.o
       356         18          0          0          0       2154   os_q.o
       380         16          0          0          0       2182   os_sem.o
      1616        208          0          0          0       3951   os_stat.o
      4792        256          0          0          0      13436   os_task.o
      1308        124          0          0          0       5509   os_tick.o
       844         44          0          0          0       3037   os_time.o
       812        134          0          0          0       4188   os_tmr.o
         0          0          0        200       1760      19317   os_var.o
       176         16          0          0         32       1590   pid.o
       316          8          0          0          0        860   pwm.o
      2748        190          0         28       1000       4644   read.o
      2316        232          0          8       6842      12422   route.o
       316         20          0          0          0       1857   spi.o
        64         26        392          0       3584        824   startup_stm32f40_41xxx.o
       392         24          0          0          0       5807   stm32f4xx_adc.o
      1252         28          0          0          0       5441   stm32f4xx_can.o
       676         58          0          0          0       6657   stm32f4xx_dma.o
       222          0          0          0          0       3079   stm32f4xx_gpio.o
      1150        164          0          0          0      34355   stm32f4xx_it.o
        68         30          0          0          0       2750   stm32f4xx_iwdg.o
       360         42          0         16          0       5448   stm32f4xx_rcc.o
       112          0          0          0          0       3734   stm32f4xx_spi.o
      1398         66          0          0          0      18758   stm32f4xx_tim.o
       494          8          0          0          0       7124   stm32f4xx_usart.o
       340         32          0          0          0       1417   system_stm32f4xx.o
       198         34          0         16          0       1556   timer2.o
       988         48          0          0          0       4275   usart.o
       900         74          0          2       8096       8369   w25qxx.o
       266         60          0        349          0       4230   xf.o

    ----------------------------------------------------------------------
     55596       5016        952        760      58460     705564   Object Totals
         0          0         32          0          0          0   (incl. Generated)
        56          0          0          3          5          0   (incl. Padding)

    ----------------------------------------------------------------------

      Code (inc. data)   RO Data    RW Data    ZI Data      Debug   Library Member Name

        90          0          0          0          0          0   __dczerorl2.o
         8          0          0          0          0         68   __main.o
         0          0          0          0          0          0   __rtentry.o
        12          0          0          0          0          0   __rtentry2.o
         6          0          0          0          0          0   __rtentry4.o
        52          8          0          0          0          0   __scatter.o
        28          0          0          0          0          0   __scatter_zi.o
        18          0          0          0          0         80   exit.o
         6          0          0          0          0        152   heapauxi.o
         2          0          0          0          0          0   libinit.o
         6          0          0          0          0          0   libinit2.o
         2          0          0          0          0          0   libshutdown.o
         2          0          0          0          0          0   libshutdown2.o
         8          4          0          0         96         68   libspace.o
        68          0          0          0          0         68   rt_memclr.o
        78          0          0          0          0         80   rt_memclr_w.o
       138          0          0          0          0         68   rt_memcpy_v6.o
       100          0          0          0          0         80   rt_memcpy_w.o
         2          0          0          0          0          0   rtexit.o
        10          0          0          0          0          0   rtexit2.o
        62          0          0          0          0         76   strlen.o
        36          0          0          0          0         80   strstr.o
        74          0          0          0          0         80   sys_stackheap_outer.o
         2          0          0          0          0         68   use_no_semi.o
         2          0          0          0          0         68   use_no_semi_2.o
        98          4          0          0          0        140   d2f.o
       688        140          0          0          0        256   ddiv.o
        84          0          0          0          0        232   dflt_clz.o
       156          4          0          0          0        140   dnaninf.o
        12          0          0          0          0        116   dretinf.o
        10          0          0          0          0        116   fpinit.o
        10          0          0          0          0        116   fretinf.o
         0          0          0          0          0          0   usenofp.o

    ----------------------------------------------------------------------
      1876        160          0          0        100       2152   Library Totals
         6          0          0          0          4          0   (incl. Padding)

    ----------------------------------------------------------------------

      Code (inc. data)   RO Data    RW Data    ZI Data      Debug   Library Name

       812         12          0          0         96       1036   c_w.l
      1058        148          0          0          0       1116   fz_wm.l

    ----------------------------------------------------------------------
      1876        160          0          0        100       2152   Library Totals

    ----------------------------------------------------------------------

==============================================================================


      Code (inc. data)   RO Data    RW Data    ZI Data      Debug   

     57472       5176        952        760      58560     673848   Grand Totals
     57472       5176        952        200      58560     673848   ELF Image Totals (compressed)
     57472       5176        952        200          0          0   ROM Totals

==============================================================================

    Total RO  Size (Code + RO Data)                58424 (  57.05kB)
    Total RW  Size (RW Data + ZI Data)             59320 (  57.93kB)
    Total ROM Size (Code + RO Data + RW Data)      58624 (  57.25kB)

==============================================================================

